Archive member included to satisfy reference by file (symbol)

/Applications/ArmGNUToolchain/14.2.rel1/arm-none-eabi/bin/../lib/gcc/arm-none-eabi/14.2.1/../../../../arm-none-eabi/lib/thumb/v7e-m+fp/hard/libc_nano.a(libc_a-exit.o)
                              /Applications/ArmGNUToolchain/14.2.rel1/arm-none-eabi/bin/../lib/gcc/arm-none-eabi/14.2.1/../../../../arm-none-eabi/lib/thumb/v7e-m+fp/hard/crt0.o (exit)
/Applications/ArmGNUToolchain/14.2.rel1/arm-none-eabi/bin/../lib/gcc/arm-none-eabi/14.2.1/../../../../arm-none-eabi/lib/thumb/v7e-m+fp/hard/libc_nano.a(libc_a-findfp.o)
                              /Applications/ArmGNUToolchain/14.2.rel1/arm-none-eabi/bin/../lib/gcc/arm-none-eabi/14.2.1/../../../../arm-none-eabi/lib/thumb/v7e-m+fp/hard/libc_nano.a(libc_a-exit.o) (__stdio_exit_handler)
/Applications/ArmGNUToolchain/14.2.rel1/arm-none-eabi/bin/../lib/gcc/arm-none-eabi/14.2.1/../../../../arm-none-eabi/lib/thumb/v7e-m+fp/hard/libc_nano.a(libc_a-fwalk.o)
                              /Applications/ArmGNUToolchain/14.2.rel1/arm-none-eabi/bin/../lib/gcc/arm-none-eabi/14.2.1/../../../../arm-none-eabi/lib/thumb/v7e-m+fp/hard/libc_nano.a(libc_a-findfp.o) (_fwalk_sglue)
/Applications/ArmGNUToolchain/14.2.rel1/arm-none-eabi/bin/../lib/gcc/arm-none-eabi/14.2.1/../../../../arm-none-eabi/lib/thumb/v7e-m+fp/hard/libc_nano.a(libc_a-memset.o)
                              /Applications/ArmGNUToolchain/14.2.rel1/arm-none-eabi/bin/../lib/gcc/arm-none-eabi/14.2.1/../../../../arm-none-eabi/lib/thumb/v7e-m+fp/hard/crt0.o (memset)
/Applications/ArmGNUToolchain/14.2.rel1/arm-none-eabi/bin/../lib/gcc/arm-none-eabi/14.2.1/../../../../arm-none-eabi/lib/thumb/v7e-m+fp/hard/libc_nano.a(libc_a-errno.o)
                              build/sysmem.o (__errno)
/Applications/ArmGNUToolchain/14.2.rel1/arm-none-eabi/bin/../lib/gcc/arm-none-eabi/14.2.1/../../../../arm-none-eabi/lib/thumb/v7e-m+fp/hard/libc_nano.a(libc_a-init.o)
                              /Applications/ArmGNUToolchain/14.2.rel1/arm-none-eabi/bin/../lib/gcc/arm-none-eabi/14.2.1/../../../../arm-none-eabi/lib/thumb/v7e-m+fp/hard/crt0.o (__libc_init_array)
/Applications/ArmGNUToolchain/14.2.rel1/arm-none-eabi/bin/../lib/gcc/arm-none-eabi/14.2.1/../../../../arm-none-eabi/lib/thumb/v7e-m+fp/hard/libc_nano.a(libc_a-lock.o)
                              /Applications/ArmGNUToolchain/14.2.rel1/arm-none-eabi/bin/../lib/gcc/arm-none-eabi/14.2.1/../../../../arm-none-eabi/lib/thumb/v7e-m+fp/hard/libc_nano.a(libc_a-findfp.o) (__retarget_lock_init_recursive)
/Applications/ArmGNUToolchain/14.2.rel1/arm-none-eabi/bin/../lib/gcc/arm-none-eabi/14.2.1/../../../../arm-none-eabi/lib/thumb/v7e-m+fp/hard/libc_nano.a(libc_a-impure.o)
                              /Applications/ArmGNUToolchain/14.2.rel1/arm-none-eabi/bin/../lib/gcc/arm-none-eabi/14.2.1/../../../../arm-none-eabi/lib/thumb/v7e-m+fp/hard/libc_nano.a(libc_a-errno.o) (_impure_ptr)
/Applications/ArmGNUToolchain/14.2.rel1/arm-none-eabi/bin/../lib/gcc/arm-none-eabi/14.2.1/../../../../arm-none-eabi/lib/thumb/v7e-m+fp/hard/libc_nano.a(libc_a-mallocr.o)
                              /Applications/ArmGNUToolchain/14.2.rel1/arm-none-eabi/bin/../lib/gcc/arm-none-eabi/14.2.1/../../../../arm-none-eabi/lib/thumb/v7e-m+fp/hard/libc_nano.a(libc_a-findfp.o) (_malloc_r)
/Applications/ArmGNUToolchain/14.2.rel1/arm-none-eabi/bin/../lib/gcc/arm-none-eabi/14.2.1/../../../../arm-none-eabi/lib/thumb/v7e-m+fp/hard/libc_nano.a(libc_a-fflush.o)
                              /Applications/ArmGNUToolchain/14.2.rel1/arm-none-eabi/bin/../lib/gcc/arm-none-eabi/14.2.1/../../../../arm-none-eabi/lib/thumb/v7e-m+fp/hard/libc_nano.a(libc_a-findfp.o) (_fflush_r)
/Applications/ArmGNUToolchain/14.2.rel1/arm-none-eabi/bin/../lib/gcc/arm-none-eabi/14.2.1/../../../../arm-none-eabi/lib/thumb/v7e-m+fp/hard/libc_nano.a(libc_a-mlock.o)
                              /Applications/ArmGNUToolchain/14.2.rel1/arm-none-eabi/bin/../lib/gcc/arm-none-eabi/14.2.1/../../../../arm-none-eabi/lib/thumb/v7e-m+fp/hard/libc_nano.a(libc_a-mallocr.o) (__malloc_lock)
/Applications/ArmGNUToolchain/14.2.rel1/arm-none-eabi/bin/../lib/gcc/arm-none-eabi/14.2.1/../../../../arm-none-eabi/lib/thumb/v7e-m+fp/hard/libc_nano.a(libc_a-stdio.o)
                              /Applications/ArmGNUToolchain/14.2.rel1/arm-none-eabi/bin/../lib/gcc/arm-none-eabi/14.2.1/../../../../arm-none-eabi/lib/thumb/v7e-m+fp/hard/libc_nano.a(libc_a-findfp.o) (__sread)
/Applications/ArmGNUToolchain/14.2.rel1/arm-none-eabi/bin/../lib/gcc/arm-none-eabi/14.2.1/../../../../arm-none-eabi/lib/thumb/v7e-m+fp/hard/libc_nano.a(libc_a-lseekr.o)
                              /Applications/ArmGNUToolchain/14.2.rel1/arm-none-eabi/bin/../lib/gcc/arm-none-eabi/14.2.1/../../../../arm-none-eabi/lib/thumb/v7e-m+fp/hard/libc_nano.a(libc_a-stdio.o) (_lseek_r)
/Applications/ArmGNUToolchain/14.2.rel1/arm-none-eabi/bin/../lib/gcc/arm-none-eabi/14.2.1/../../../../arm-none-eabi/lib/thumb/v7e-m+fp/hard/libc_nano.a(libc_a-readr.o)
[...]
Memory Configuration

Name             Origin             Length             Attributes
RAM              0x20000000         0x00020000         xrw
FLASH            0x08000000         0x00080000         xr
*default*        0x00000000         0xffffffff

Linker script and memory map

LOAD /Applications/ArmGNUToolchain/14.2.rel1/arm-none-eabi/bin/../lib/gcc/arm-none-eabi/14.2.1/thumb/v7e-m+fp/hard/crti.o
LOAD /Applications/ArmGNUToolchain/14.2.rel1/arm-none-eabi/bin/../lib/gcc/arm-none-eabi/14.2.1/thumb/v7e-m+fp/hard/crtbegin.o
LOAD /Applications/ArmGNUToolchain/14.2.rel1/arm-none-eabi/bin/../lib/gcc/arm-none-eabi/14.2.1/../../../../arm-none-eabi/lib/thumb/v7e-m+fp/hard/crt0.o
LOAD build/main.o
LOAD build/stm32g4xx_it.o
LOAD build/stm32g4xx_hal_msp.o
LOAD build/stm32g4xx_hal_pwr_ex.o
LOAD build/stm32g4xx_hal.o
LOAD build/stm32g4xx_hal_rcc.o
LOAD build/stm32g4xx_hal_rcc_ex.o
LOAD build/stm32g4xx_hal_flash.o
LOAD build/stm32g4xx_hal_flash_ex.o
LOAD build/stm32g4xx_hal_flash_ramfunc.o
LOAD build/stm32g4xx_hal_gpio.o
LOAD build/stm32g4xx_hal_exti.o
LOAD build/stm32g4xx_hal_dma.o
LOAD build/stm32g4xx_hal_dma_ex.o
LOAD build/stm32g4xx_hal_pwr.o
LOAD build/stm32g4xx_hal_cortex.o
LOAD build/system_stm32g4xx.o
LOAD build/sysmem.o
LOAD build/syscalls.o
LOAD build/startup_stm32g474xx.o
LOAD /Applications/ArmGNUToolchain/14.2.rel1/arm-none-eabi/bin/../lib/gcc/arm-none-eabi/14.2.1/../../../../arm-none-eabi/lib/thumb/v7e-m+fp/hard/libc_nano.a
LOAD /Applications/ArmGNUToolchain/14.2.rel1/arm-none-eabi/bin/../lib/gcc/arm-none-eabi/14.2.1/../../../../arm-none-eabi/lib/thumb/v7e-m+fp/hard/libm.a
LOAD /Applications/ArmGNUToolchain/14.2.rel1/arm-none-eabi/bin/../lib/gcc/arm-none-eabi/14.2.1/../../../../arm-none-eabi/lib/thumb/v7e-m+fp/hard/libnosys.a
START GROUP
LOAD /Applications/ArmGNUToolchain/14.2.rel1/arm-none-eabi/bin/../lib/gcc/arm-none-eabi/14.2.1/thumb/v7e-m+fp/hard/libgcc.a
LOAD /Applications/ArmGNUToolchain/14.2.rel1/arm-none-eabi/bin/../lib/gcc/arm-none-eabi/14.2.1/../../../../arm-none-eabi/lib/thumb/v7e-m+fp/hard/libc_nano.a
END GROUP
START GROUP
LOAD /Applications/ArmGNUToolchain/14.2.rel1/arm-none-eabi/bin/../lib/gcc/arm-none-eabi/14.2.1/thumb/v7e-m+fp/hard/libgcc.a
LOAD /Applications/ArmGNUToolchain/14.2.rel1/arm-none-eabi/bin/../lib/gcc/arm-none-eabi/14.2.1/../../../../arm-none-eabi/lib/thumb/v7e-m+fp/hard/libc_nano.a
END GROUP
LOAD /Applications/ArmGNUToolchain/14.2.rel1/arm-none-eabi/bin/../lib/gcc/arm-none-eabi/14.2.1/thumb/v7e-m+fp/hard/crtend.o
LOAD /Applications/ArmGNUToolchain/14.2.rel1/arm-none-eabi/bin/../lib/gcc/arm-none-eabi/14.2.1/thumb/v7e-m+fp/hard/crtn.o
                0x20020000                        _estack = (ORIGIN (RAM) + LENGTH (RAM))
                0x00000200                        _Min_Heap_Size = 0x200
                0x00000400                        _Min_Stack_Size = 0x400

.isr_vector     0x08000000      0x1d8
                0x08000000                        . = ALIGN (0x4)
 *(.isr_vector)
 .isr_vector    0x08000000      0x1d8 build/startup_stm32g474xx.o
                0x08000000                g_pfnVectors
                0x080001d8                        . = ALIGN (0x4)

.text           0x080001d8      0xeec
                0x080001d8                        . = ALIGN (0x4)
 *(.text)
 *(.text*)
 .text.deregister_tm_clones
                0x080001d8       0x1c /Applications/ArmGNUToolchain/14.2.rel1/arm-none-eabi/bin/../lib/gcc/arm-none-eabi/14.2.1/thumb/v7e-m+fp/hard/crtbegin.o
 .text.register_tm_clones
                0x080001f4       0x24 /Applications/ArmGNUToolchain/14.2.rel1/arm-none-eabi/bin/../lib/gcc/arm-none-eabi/14.2.1/thumb/v7e-m+fp/hard/crtbegin.o
 .text.__do_global_dtors_aux
                0x08000218       0x28 /Applications/ArmGNUToolchain/14.2.rel1/arm-none-eabi/bin/../lib/gcc/arm-none-eabi/14.2.1/thumb/v7e-m+fp/hard/crtbegin.o
 .text.frame_dummy
                0x08000240       0x24 /Applications/ArmGNUToolchain/14.2.rel1/arm-none-eabi/bin/../lib/gcc/arm-none-eabi/14.2.1/thumb/v7e-m+fp/hard/crtbegin.o
 .text.MX_GPIO_Init
                0x08000264       0x94 build/main.o
 .text.Error_Handler
                0x080002f8        0x4 build/main.o
                0x080002f8                Error_Handler
 .text.SystemClock_Config
                0x080002fc       0x60 build/main.o
                0x080002fc                SystemClock_Config
 .text.main     0x0800035c       0x20 build/main.o
                0x0800035c                main
 .text.NMI_Handler
                0x0800037c        0x2 build/stm32g4xx_it.o
                0x0800037c                NMI_Handler
 .text.HardFault_Handler
                0x0800037e        0x2 build/stm32g4xx_it.o
                0x0800037e                HardFault_Handler
 .text.MemManage_Handler
                0x08000380        0x2 build/stm32g4xx_it.o
                0x08000380                MemManage_Handler
 .text.BusFault_Handler
                0x08000382        0x2 build/stm32g4xx_it.o
                0x08000382                BusFault_Handler
 .text.UsageFault_Handler
                0x08000384        0x2 build/stm32g4xx_it.o
                0x08000384                UsageFault_Handler
 .text.SVC_Handler
                0x08000386        0x2 build/stm32g4xx_it.o
                0x08000386                SVC_Handler
 .text.DebugMon_Handler
                0x08000388        0x2 build/stm32g4xx_it.o
                0x08000388                DebugMon_Handler
 .text.PendSV_Handler
                0x0800038a        0x2 build/stm32g4xx_it.o
                0x0800038a                PendSV_Handler
 .text.SysTick_Handler
                0x0800038c        0x8 build/stm32g4xx_it.o
                0x0800038c                SysTick_Handler
 .text.HAL_MspInit
                0x08000394       0x38 build/stm32g4xx_hal_msp.o
                0x08000394                HAL_MspInit
 .text.HAL_PWREx_ControlVoltageScaling
                0x080003cc      0x10c build/stm32g4xx_hal_pwr_ex.o
                0x080003cc                HAL_PWREx_ControlVoltageScaling
 .text.HAL_PWREx_DisableUCPDDeadBattery
                0x080004d8       0x10 build/stm32g4xx_hal_pwr_ex.o
                0x080004d8                HAL_PWREx_DisableUCPDDeadBattery
 .text.HAL_InitTick
                0x080004e8       0x50 build/stm32g4xx_hal.o
                0x080004e8                HAL_InitTick
 .text.HAL_Init
                0x08000538       0x1e build/stm32g4xx_hal.o
                0x08000538                HAL_Init
 *fill*         0x08000556        0x2 
 .text.HAL_IncTick
                0x08000558       0x18 build/stm32g4xx_hal.o
                0x08000558                HAL_IncTick
 .text.HAL_GetTick
                0x08000570        0xc build/stm32g4xx_hal.o
                0x08000570                HAL_GetTick
 .text.RCC_GetSysClockFreqFromPLLSource
                0x0800057c       0x58 build/stm32g4xx_hal_rcc.o
 .text.HAL_RCC_OscConfig
                0x080005d4      0x4e4 build/stm32g4xx_hal_rcc.o
                0x080005d4                HAL_RCC_OscConfig
 .text.HAL_RCC_GetSysClockFreq
                0x08000ab8       0x88 build/stm32g4xx_hal_rcc.o
                0x08000ab8                HAL_RCC_GetSysClockFreq
 .text.HAL_RCC_ClockConfig
                0x08000b40      0x1f8 build/stm32g4xx_hal_rcc.o
                0x08000b40                HAL_RCC_ClockConfig
 .text.HAL_GPIO_Init
                0x08000d38      0x1d4 build/stm32g4xx_hal_gpio.o
                0x08000d38                HAL_GPIO_Init
 .text.HAL_GPIO_WritePin
                0x08000f0c        0xa build/stm32g4xx_hal_gpio.o
                0x08000f0c                HAL_GPIO_WritePin
 *fill*         0x08000f16        0x2 
 .text.__NVIC_SetPriority
                0x08000f18       0x28 build/stm32g4xx_hal_cortex.o
 .text.NVIC_EncodePriority
                0x08000f40       0x3e build/stm32g4xx_hal_cortex.o
 *fill*         0x08000f7e        0x2 
 .text.HAL_NVIC_SetPriorityGrouping
                0x08000f80       0x24 build/stm32g4xx_hal_cortex.o
                0x08000f80                HAL_NVIC_SetPriorityGrouping
 .text.HAL_NVIC_SetPriority
                0x08000fa4       0x20 build/stm32g4xx_hal_cortex.o
                0x08000fa4                HAL_NVIC_SetPriority
 .text.HAL_SYSTICK_Config
                0x08000fc4       0x28 build/stm32g4xx_hal_cortex.o
                0x08000fc4                HAL_SYSTICK_Config
 .text.SystemInit
                0x08000fec       0x14 build/system_stm32g4xx.o
                0x08000fec                SystemInit
 .text.Reset_Handler
                0x08001000       0x50 build/startup_stm32g474xx.o
                0x08001000                Reset_Handler
 .text.Default_Handler
                0x08001050        0x2 build/startup_stm32g474xx.o
                0x08001050                TIM1_BRK_TIM15_IRQHandler
                0x08001050                EXTI2_IRQHandler
                0x08001050                TIM8_TRG_COM_IRQHandler
                0x08001050                TIM8_CC_IRQHandler
                0x08001050                HRTIM1_Master_IRQHandler
                0x08001050                SPI4_IRQHandler
                0x08001050                FDCAN3_IT0_IRQHandler
                0x08001050                TIM1_CC_IRQHandler
                0x08001050                HRTIM1_FLT_IRQHandler
                0x08001050                HRTIM1_TIMF_IRQHandler
                0x08001050                USB_HP_IRQHandler
                0x08001050                CORDIC_IRQHandler
                0x08001050                HRTIM1_TIMD_IRQHandler
                0x08001050                DMA2_Channel8_IRQHandler
                0x08001050                EXTI3_IRQHandler
                0x08001050                I2C3_ER_IRQHandler
                0x08001050                EXTI0_IRQHandler
                0x08001050                I2C2_EV_IRQHandler
                0x08001050                FPU_IRQHandler
                0x08001050                FDCAN1_IT1_IRQHandler
                0x08001050                TIM1_UP_TIM16_IRQHandler
                0x08001050                ADC1_2_IRQHandler
                0x08001050                HRTIM1_TIME_IRQHandler
                0x08001050                SPI1_IRQHandler
                0x08001050                TIM6_DAC_IRQHandler
                0x08001050                HRTIM1_TIMC_IRQHandler
                0x08001050                TIM8_UP_IRQHandler
                0x08001050                DMA2_Channel2_IRQHandler
                0x08001050                DMA1_Channel4_IRQHandler
                0x08001050                TIM20_TRG_COM_IRQHandler
                0x08001050                USART3_IRQHandler
                0x08001050                DMA1_Channel7_IRQHandler
                0x08001050                UART5_IRQHandler
                0x08001050                ADC3_IRQHandler
                0x08001050                TIM4_IRQHandler
                0x08001050                DMA2_Channel1_IRQHandler
                0x08001050                QUADSPI_IRQHandler
                0x08001050                I2C1_EV_IRQHandler
                0x08001050                DMA1_Channel6_IRQHandler
                0x08001050                UART4_IRQHandler
                0x08001050                DMA2_Channel4_IRQHandler
                0x08001050                TIM3_IRQHandler
                0x08001050                RCC_IRQHandler
                0x08001050                TIM20_UP_IRQHandler
                0x08001050                DMA1_Channel1_IRQHandler
                0x08001050                Default_Handler
                0x08001050                DMA2_Channel7_IRQHandler
                0x08001050                RTC_TAMP_LSECSS_IRQHandler
                0x08001050                FMAC_IRQHandler
                0x08001050                EXTI15_10_IRQHandler
                0x08001050                DMA1_Channel8_IRQHandler
                0x08001050                HRTIM1_TIMA_IRQHandler
                0x08001050                TIM7_DAC_IRQHandler
                0x08001050                FDCAN3_IT1_IRQHandler
                0x08001050                TIM5_IRQHandler
                0x08001050                UCPD1_IRQHandler
                0x08001050                I2C3_EV_IRQHandler
                0x08001050                EXTI9_5_IRQHandler
                0x08001050                RTC_WKUP_IRQHandler
                0x08001050                PVD_PVM_IRQHandler
                0x08001050                SPI2_IRQHandler
                0x08001050                ADC5_IRQHandler
                0x08001050                DMA2_Channel5_IRQHandler
                0x08001050                CRS_IRQHandler
                0x08001050                DMA1_Channel5_IRQHandler
                0x08001050                USB_LP_IRQHandler
                0x08001050                EXTI4_IRQHandler
                0x08001050                RNG_IRQHandler
                0x08001050                HRTIM1_TIMB_IRQHandler
                0x08001050                TIM1_TRG_COM_TIM17_IRQHandler
                0x08001050                FDCAN2_IT1_IRQHandler
                0x08001050                DMA1_Channel3_IRQHandler
                0x08001050                ADC4_IRQHandler
                0x08001050                WWDG_IRQHandler
                0x08001050                I2C4_EV_IRQHandler
                0x08001050                FDCAN2_IT0_IRQHandler
                0x08001050                LPUART1_IRQHandler
                0x08001050                DMA2_Channel6_IRQHandler
                0x08001050                FDCAN1_IT0_IRQHandler
                0x08001050                TIM2_IRQHandler
                0x08001050                COMP7_IRQHandler
                0x08001050                COMP1_2_3_IRQHandler
                0x08001050                EXTI1_IRQHandler
                0x08001050                USART2_IRQHandler
                0x08001050                COMP4_5_6_IRQHandler
                0x08001050                TIM20_BRK_IRQHandler
                0x08001050                I2C2_ER_IRQHandler
                0x08001050                DMA1_Channel2_IRQHandler
                0x08001050                TIM8_BRK_IRQHandler
                0x08001050                FLASH_IRQHandler
                0x08001050                TIM20_CC_IRQHandler
                0x08001050                USART1_IRQHandler
                0x08001050                SPI3_IRQHandler
                0x08001050                I2C1_ER_IRQHandler
                0x08001050                FMC_IRQHandler
                0x08001050                LPTIM1_IRQHandler
                0x08001050                DMAMUX_OVR_IRQHandler
                0x08001050                I2C4_ER_IRQHandler
                0x08001050                USBWakeUp_IRQHandler
                0x08001050                SAI1_IRQHandler
                0x08001050                DMA2_Channel3_IRQHandler
                0x08001050                RTC_Alarm_IRQHandler
 .text.memset   0x08001052       0x10 /Applications/ArmGNUToolchain/14.2.rel1/arm-none-eabi/bin/../lib/gcc/arm-none-eabi/14.2.1/../../../../arm-none-eabi/lib/thumb/v7e-m+fp/hard/libc_nano.a(libc_a-memset.o)
                0x08001052                memset
 *fill*         0x08001062        0x2 
 .text.__libc_init_array
                0x08001064       0x48 /Applications/ArmGNUToolchain/14.2.rel1/arm-none-eabi/bin/../lib/gcc/arm-none-eabi/14.2.1/../../../../arm-none-eabi/lib/thumb/v7e-m+fp/hard/libc_nano.a(libc_a-init.o)
                0x08001064                __libc_init_array
 *(.glue_7)
 .glue_7        0x080010ac        0x0 linker stubs
 *(.glue_7t)
 .glue_7t       0x080010ac        0x0 linker stubs
 *(.eh_frame)
 .eh_frame      0x080010ac        0x0 /Applications/ArmGNUToolchain/14.2.rel1/arm-none-eabi/bin/../lib/gcc/arm-none-eabi/14.2.1/thumb/v7e-m+fp/hard/crtbegin.o
 *(.init)
 .init          0x080010ac        0x4 /Applications/ArmGNUToolchain/14.2.rel1/arm-none-eabi/bin/../lib/gcc/arm-none-eabi/14.2.1/thumb/v7e-m+fp/hard/crti.o
                0x080010ac                _init
 .init          0x080010b0        0x8 /Applications/ArmGNUToolchain/14.2.rel1/arm-none-eabi/bin/../lib/gcc/arm-none-eabi/14.2.1/thumb/v7e-m+fp/hard/crtn.o
 *(.fini)
 .fini          0x080010b8        0x4 /Applications/ArmGNUToolchain/14.2.rel1/arm-none-eabi/bin/../lib/gcc/arm-none-eabi/14.2.1/thumb/v7e-m+fp/hard/crti.o
                0x080010b8                _fini
 .fini          0x080010bc        0x8 /Applications/ArmGNUToolchain/14.2.rel1/arm-none-eabi/bin/../lib/gcc/arm-none-eabi/14.2.1/thumb/v7e-m+fp/hard/crtn.o
                0x080010c4                        . = ALIGN (0x4)
                0x080010c4                        _etext = .

.vfp11_veneer   0x080010c4        0x0
 .vfp11_veneer  0x080010c4        0x0 linker stubs

.v4_bx          0x080010c4        0x0
 .v4_bx         0x080010c4        0x0 linker stubs

.iplt           0x080010c4        0x0
 .iplt          0x080010c4        0x0 /Applications/ArmGNUToolchain/14.2.rel1/arm-none-eabi/bin/../lib/gcc/arm-none-eabi/14.2.1/thumb/v7e-m+fp/hard/crtbegin.o

.rodata         0x080010c4       0x10
                0x080010c4                        . = ALIGN (0x4)
 *(.rodata)
 *(.rodata*)
 .rodata.AHBPrescTable
                0x080010c4       0x10 build/system_stm32g4xx.o
                0x080010c4                AHBPrescTable
                0x080010d4                        . = ALIGN (0x4)

.rel.dyn        0x080010d4        0x0
 .rel.iplt      0x080010d4        0x0 /Applications/ArmGNUToolchain/14.2.rel1/arm-none-eabi/bin/../lib/gcc/arm-none-eabi/14.2.1/thumb/v7e-m+fp/hard/crtbegin.o

.ARM.extab
 *(.ARM.extab* .gnu.linkonce.armextab.*)

.ARM            0x080010d4        0x0
                0x080010d4                        __exidx_start = .
 *(.ARM.exidx*)
                0x080010d4                        __exidx_end = .

.preinit_array  0x080010d4        0x0
                0x080010d4                        PROVIDE (__preinit_array_start = .)
 *(.preinit_array*)
                0x080010d4                        PROVIDE (__preinit_array_end = .)

.init_array     0x080010d4        0x4
                0x080010d4                        PROVIDE (__init_array_start = .)
 *(SORT_BY_NAME(.init_array.*))
 *(.init_array*)
 .init_array    0x080010d4        0x4 /Applications/ArmGNUToolchain/14.2.rel1/arm-none-eabi/bin/../lib/gcc/arm-none-eabi/14.2.1/thumb/v7e-m+fp/hard/crtbegin.o
                0x080010d8                        PROVIDE (__init_array_end = .)

.fini_array     0x080010d8        0x4
                [!provide]                        PROVIDE (__fini_array_start = .)
 *(SORT_BY_NAME(.fini_array.*))
 *(.fini_array*)
 .fini_array    0x080010d8        0x4 /Applications/ArmGNUToolchain/14.2.rel1/arm-none-eabi/bin/../lib/gcc/arm-none-eabi/14.2.1/thumb/v7e-m+fp/hard/crtbegin.o
                [!provide]                        PROVIDE (__fini_array_end = .)
                0x080010dc                        _sidata = LOADADDR (.data)

.data           0x20000000        0xc load address 0x080010dc
                0x20000000                        . = ALIGN (0x4)
                0x20000000                        _sdata = .
 *(.data)
 *(.data*)
 .data.uwTickFreq
                0x20000000        0x4 build/stm32g4xx_hal.o
                0x20000000                uwTickFreq
 .data.uwTickPrio
                0x20000004        0x4 build/stm32g4xx_hal.o
                0x20000004                uwTickPrio
 .data.SystemCoreClock
                0x20000008        0x4 build/system_stm32g4xx.o
                0x20000008                SystemCoreClock
                0x2000000c                        . = ALIGN (0x4)
                0x2000000c                        _edata = .

.tm_clone_table
                0x2000000c        0x0 load address 0x080010e8
 .tm_clone_table
                0x2000000c        0x0 /Applications/ArmGNUToolchain/14.2.rel1/arm-none-eabi/bin/../lib/gcc/arm-none-eabi/14.2.1/thumb/v7e-m+fp/hard/crtbegin.o
 .tm_clone_table
                0x2000000c        0x0 /Applications/ArmGNUToolchain/14.2.rel1/arm-none-eabi/bin/../lib/gcc/arm-none-eabi/14.2.1/thumb/v7e-m+fp/hard/crtend.o

.igot.plt       0x2000000c        0x0 load address 0x080010e8
 .igot.plt      0x2000000c        0x0 /Applications/ArmGNUToolchain/14.2.rel1/arm-none-eabi/bin/../lib/gcc/arm-none-eabi/14.2.1/thumb/v7e-m+fp/hard/crtbegin.o
                0x2000000c                        . = ALIGN (0x4)

.bss            0x2000000c       0x20 load address 0x080010e8
                0x2000000c                        _sbss = .
                0x2000000c                        __bss_start__ = _sbss
 *(.bss)
 *(.bss*)
 .bss.completed.1
                0x2000000c        0x1 /Applications/ArmGNUToolchain/14.2.rel1/arm-none-eabi/bin/../lib/gcc/arm-none-eabi/14.2.1/thumb/v7e-m+fp/hard/crtbegin.o
 *fill*         0x2000000d        0x3 
 .bss.object.0  0x20000010       0x18 /Applications/ArmGNUToolchain/14.2.rel1/arm-none-eabi/bin/../lib/gcc/arm-none-eabi/14.2.1/thumb/v7e-m+fp/hard/crtbegin.o
 .bss.uwTick    0x20000028        0x4 build/stm32g4xx_hal.o
                0x20000028                uwTick
 *(COMMON)
                0x2000002c                        . = ALIGN (0x4)
                0x2000002c                        _ebss = .
                0x2000002c                        __bss_end__ = _ebss

._user_heap_stack
                0x2000002c      0x604 load address 0x080010e8
                0x20000030                        . = ALIGN (0x8)
 *fill*         0x2000002c        0x4 
                [!provide]                        PROVIDE (end = .)
                0x20000030                        PROVIDE (_end = .)
                0x20000230                        . = (. + _Min_Heap_Size)
 *fill*         0x20000030      0x200 
                0x20000630                        . = (. + _Min_Stack_Size)
 *fill*         0x20000230      0x400 
                0x20000630                        . = ALIGN (0x8)

/DISCARD/
 libc.a(*)
 libm.a(*)
 libgcc.a(*)
OUTPUT(build/Lab0.elf elf32-littlearm)
LOAD linker stubs
LOAD /Applications/ArmGNUToolchain/14.2.rel1/arm-none-eabi/bin/../lib/gcc/arm-none-eabi/14.2.1/../../../../arm-none-eabi/lib/thumb/v7e-m+fp/hard/libc.a
LOAD /Applications/ArmGNUToolchain/14.2.rel1/arm-none-eabi/bin/../lib/gcc/arm-none-eabi/14.2.1/../../../../arm-none-eabi/lib/thumb/v7e-m+fp/hard/libm.a
LOAD /Applications/ArmGNUToolchain/14.2.rel1/arm-none-eabi/bin/../lib/gcc/arm-none-eabi/14.2.1/thumb/v7e-m+fp/hard/libgcc.a

.ARM.attributes
                0x00000000       0x30
 .ARM.attributes
                0x00000000       0x22 /Applications/ArmGNUToolchain/14.2.rel1/arm-none-eabi/bin/../lib/gcc/arm-none-eabi/14.2.1/thumb/v7e-m+fp/hard/crti.o
 .ARM.attributes
                0x00000022       0x34 /Applications/ArmGNUToolchain/14.2.rel1/arm-none-eabi/bin/../lib/gcc/arm-none-eabi/14.2.1/thumb/v7e-m+fp/hard/crtbegin.o
 .ARM.attributes
                0x00000056       0x34 build/main.o
 .ARM.attributes
                0x0000008a       0x34 build/stm32g4xx_it.o
 .ARM.attributes
                0x000000be       0x34 build/stm32g4xx_hal_msp.o
 .ARM.attributes
                0x000000f2       0x34 build/stm32g4xx_hal_pwr_ex.o
 .ARM.attributes
                0x00000126       0x34 build/stm32g4xx_hal.o
 .ARM.attributes
                0x0000015a       0x34 build/stm32g4xx_hal_rcc.o
 .ARM.attributes
                0x0000018e       0x34 build/stm32g4xx_hal_gpio.o
 .ARM.attributes
                0x000001c2       0x34 build/stm32g4xx_hal_cortex.o
 .ARM.attributes
                0x000001f6       0x34 build/system_stm32g4xx.o
 .ARM.attributes
                0x0000022a       0x21 build/startup_stm32g474xx.o
 .ARM.attributes
                0x0000024b       0x34 /Applications/ArmGNUToolchain/14.2.rel1/arm-none-eabi/bin/../lib/gcc/arm-none-eabi/14.2.1/../../../../arm-none-eabi/lib/thumb/v7e-m+fp/hard/libc_nano.a(libc_a-memset.o)
 .ARM.attributes
                0x0000027f       0x34 /Applications/ArmGNUToolchain/14.2.rel1/arm-none-eabi/bin/../lib/gcc/arm-none-eabi/14.2.1/../../../../arm-none-eabi/lib/thumb/v7e-m+fp/hard/libc_nano.a(libc_a-init.o)
 .ARM.attributes
                0x000002b3       0x34 /Applications/ArmGNUToolchain/14.2.rel1/arm-none-eabi/bin/../lib/gcc/arm-none-eabi/14.2.1/thumb/v7e-m+fp/hard/crtend.o
 .ARM.attributes
                0x000002e7       0x22 /Applications/ArmGNUToolchain/14.2.rel1/arm-none-eabi/bin/../lib/gcc/arm-none-eabi/14.2.1/thumb/v7e-m+fp/hard/crtn.o

.comment        0x00000000       0x45
 .comment       0x00000000       0x45 build/main.o
                                 0x46 (size before relaxing)
 .comment       0x00000045       0x46 build/stm32g4xx_it.o
 .comment       0x00000045       0x46 build/stm32g4xx_hal_msp.o
 .comment       0x00000045       0x46 build/stm32g4xx_hal_pwr_ex.o
 .comment       0x00000045       0x46 build/stm32g4xx_hal.o
 .comment       0x00000045       0x46 build/stm32g4xx_hal_rcc.o
 .comment       0x00000045       0x46 build/stm32g4xx_hal_gpio.o
 .comment       0x00000045       0x46 build/stm32g4xx_hal_cortex.o
 .comment       0x00000045       0x46 build/system_stm32g4xx.o

.debug_info     0x00000000     0x594e
 .debug_info    0x00000000      0x91e build/main.o
 .debug_info    0x0000091e      0x158 build/stm32g4xx_it.o
 .debug_info    0x00000a76      0x39a build/stm32g4xx_hal_msp.o
 .debug_info    0x00000e10      0xb1d build/stm32g4xx_hal_pwr_ex.o
 .debug_info    0x0000192d      0xdc9 build/stm32g4xx_hal.o
 .debug_info    0x000026f6     0x106b build/stm32g4xx_hal_rcc.o
 .debug_info    0x00003761      0x92d build/stm32g4xx_hal_gpio.o
 .debug_info    0x0000408e     0x1247 build/stm32g4xx_hal_cortex.o
 .debug_info    0x000052d5      0x649 build/system_stm32g4xx.o
 .debug_info    0x0000591e       0x30 build/startup_stm32g474xx.o

.debug_abbrev   0x00000000     0x1279
 .debug_abbrev  0x00000000      0x226 build/main.o
 .debug_abbrev  0x00000226       0x80 build/stm32g4xx_it.o
 .debug_abbrev  0x000002a6       0xd6 build/stm32g4xx_hal_msp.o
 .debug_abbrev  0x0000037c      0x263 build/stm32g4xx_hal_pwr_ex.o
 .debug_abbrev  0x000005df      0x298 build/stm32g4xx_hal.o
 .debug_abbrev  0x00000877      0x2de build/stm32g4xx_hal_rcc.o
 .debug_abbrev  0x00000b55      0x222 build/stm32g4xx_hal_gpio.o
 .debug_abbrev  0x00000d77      0x3ca build/stm32g4xx_hal_cortex.o
 .debug_abbrev  0x00001141      0x11b build/system_stm32g4xx.o
 .debug_abbrev  0x0000125c       0x1d build/startup_stm32g474xx.o

.debug_loc      0x00000000     0x25ec
 .debug_loc     0x00000000       0x9e build/main.o
 .debug_loc     0x0000009e       0x20 build/stm32g4xx_it.o
 .debug_loc     0x000000be       0x38 build/stm32g4xx_hal_msp.o
 .debug_loc     0x000000f6      0xa27 build/stm32g4xx_hal_pwr_ex.o
 .debug_loc     0x00000b1d      0x2cd build/stm32g4xx_hal.o
 .debug_loc     0x00000dea      0x9db build/stm32g4xx_hal_rcc.o
 .debug_loc     0x000017c5      0x499 build/stm32g4xx_hal_gpio.o
 .debug_loc     0x00001c5e      0x8f1 build/stm32g4xx_hal_cortex.o
 .debug_loc     0x0000254f       0x9d build/system_stm32g4xx.o

.debug_aranges  0x00000000      0x570
 .debug_aranges
                0x00000000       0x38 build/main.o
 .debug_aranges
                0x00000038       0x60 build/stm32g4xx_it.o
 .debug_aranges
                0x00000098       0x20 build/stm32g4xx_hal_msp.o
 .debug_aranges
                0x000000b8      0x140 build/stm32g4xx_hal_pwr_ex.o
 .debug_aranges
                0x000001f8      0x148 build/stm32g4xx_hal.o
 .debug_aranges
                0x00000340       0x98 build/stm32g4xx_hal_rcc.o
 .debug_aranges
                0x000003d8       0x58 build/stm32g4xx_hal_gpio.o
 .debug_aranges
                0x00000430       0xf0 build/stm32g4xx_hal_cortex.o
 .debug_aranges
                0x00000520       0x28 build/system_stm32g4xx.o
 .debug_aranges
                0x00000548       0x28 build/startup_stm32g474xx.o

.debug_ranges   0x00000000      0x4f0
 .debug_ranges  0x00000000       0x28 build/main.o
 .debug_ranges  0x00000028       0x50 build/stm32g4xx_it.o
 .debug_ranges  0x00000078       0x10 build/stm32g4xx_hal_msp.o
 .debug_ranges  0x00000088      0x130 build/stm32g4xx_hal_pwr_ex.o
 .debug_ranges  0x000001b8      0x138 build/stm32g4xx_hal.o
 .debug_ranges  0x000002f0       0xa0 build/stm32g4xx_hal_rcc.o
 .debug_ranges  0x00000390       0x48 build/stm32g4xx_hal_gpio.o
 .debug_ranges  0x000003d8       0xe0 build/stm32g4xx_hal_cortex.o
 .debug_ranges  0x000004b8       0x18 build/system_stm32g4xx.o
 .debug_ranges  0x000004d0       0x20 build/startup_stm32g474xx.o

.debug_line     0x00000000     0x37bd
 .debug_line    0x00000000      0x350 build/main.o
 .debug_line    0x00000350      0x143 build/stm32g4xx_it.o
 .debug_line    0x00000493      0x1a5 build/stm32g4xx_hal_msp.o
 .debug_line    0x00000638      0xa53 build/stm32g4xx_hal_pwr_ex.o
 .debug_line    0x0000108b      0x6e7 build/stm32g4xx_hal.o
 .debug_line    0x00001772      0xeb0 build/stm32g4xx_hal_rcc.o
 .debug_line    0x00002622      0x6bf build/stm32g4xx_hal_gpio.o
 .debug_line    0x00002ce1      0x815 build/stm32g4xx_hal_cortex.o
 .debug_line    0x000034f6      0x253 build/system_stm32g4xx.o
 .debug_line    0x00003749       0x74 build/startup_stm32g474xx.o

.debug_str      0x00000000     0x1f63
 .debug_str     0x00000000     0x1f63 build/main.o
                                0x5ac (size before relaxing)
 .debug_str     0x00001f63      0x21a build/stm32g4xx_it.o
 .debug_str     0x00001f63      0x31d build/stm32g4xx_hal_msp.o
 .debug_str     0x00001f63      0x7d1 build/stm32g4xx_hal_pwr_ex.o
 .debug_str     0x00001f63      0xe2e build/stm32g4xx_hal.o
 .debug_str     0x00001f63      0x844 build/stm32g4xx_hal_rcc.o
 .debug_str     0x00001f63      0x52f build/stm32g4xx_hal_gpio.o
 .debug_str     0x00001f63      0xd84 build/stm32g4xx_hal_cortex.o
 .debug_str     0x00001f63      0x3b6 build/system_stm32g4xx.o
 .debug_str     0x00001f63       0x6a build/startup_stm32g474xx.o

.debug_frame    0x00000000      0xb48
 .debug_frame   0x00000000       0x80 build/main.o
 .debug_frame   0x00000080       0xa8 build/stm32g4xx_it.o
 .debug_frame   0x00000128       0x2c build/stm32g4xx_hal_msp.o
 .debug_frame   0x00000154      0x268 build/stm32g4xx_hal_pwr_ex.o
 .debug_frame   0x000003bc      0x2a4 build/stm32g4xx_hal.o
 .debug_frame   0x00000660      0x198 build/stm32g4xx_hal_rcc.o
 .debug_frame   0x000007f8       0xd0 build/stm32g4xx_hal_gpio.o
 .debug_frame   0x000008c8      0x204 build/stm32g4xx_hal_cortex.o
 .debug_frame   0x00000acc       0x30 build/system_stm32g4xx.o
 .debug_frame   0x00000afc       0x20 /Applications/ArmGNUToolchain/14.2.rel1/arm-none-eabi/bin/../lib/gcc/arm-none-eabi/14.2.1/../../../../arm-none-eabi/lib/thumb/v7e-m+fp/hard/libc_nano.a(libc_a-memset.o)
 .debug_frame   0x00000b1c       0x2c /Applications/ArmGNUToolchain/14.2.rel1/arm-none-eabi/bin/../lib/gcc/arm-none-eabi/14.2.1/../../../../arm-none-eabi/lib/thumb/v7e-m+fp/hard/libc_nano.a(libc_a-init.o)

Cross Reference Table

Symbol                                            File
ADC1_2_IRQHandler                                 build/startup_stm32g474xx.o
ADC3_IRQHandler                                   build/startup_stm32g474xx.o
ADC4_IRQHandler                                   build/startup_stm32g474xx.o
ADC5_IRQHandler                                   build/startup_stm32g474xx.o
AHBPrescTable                                     build/system_stm32g4xx.o
                                                  build/stm32g4xx_hal_rcc.o
APBPrescTable                                     build/system_stm32g4xx.o
                                                  build/stm32g4xx_hal_rcc.o
BusFault_Handler                                  build/stm32g4xx_it.o
COMP1_2_3_IRQHandler                              build/startup_stm32g474xx.o
COMP4_5_6_IRQHandler                              build/startup_stm32g474xx.o
COMP7_IRQHandler                                  build/startup_stm32g474xx.o
CORDIC_IRQHandler                                 build/startup_stm32g474xx.o
CRS_IRQHandler                                    build/startup_stm32g474xx.o
DMA1_Channel1_IRQHandler                          build/startup_stm32g474xx.o
DMA1_Channel2_IRQHandler                          build/startup_stm32g474xx.o
DMA1_Channel3_IRQHandler                          build/startup_stm32g474xx.o
DMA1_Channel4_IRQHandler                          build/startup_stm32g474xx.o
DMA1_Channel5_IRQHandler                          build/startup_stm32g474xx.o
DMA1_Channel6_IRQHandler                          build/startup_stm32g474xx.o
DMA1_Channel7_IRQHandler                          build/startup_stm32g474xx.o
DMA1_Channel8_IRQHandler                          build/startup_stm32g474xx.o
DMA2_Channel1_IRQHandler                          build/startup_stm32g474xx.o
DMA2_Channel2_IRQHandler                          build/startup_stm32g474xx.o
DMA2_Channel3_IRQHandler                          build/startup_stm32g474xx.o
DMA2_Channel4_IRQHandler                          build/startup_stm32g474xx.o
DMA2_Channel5_IRQHandler                          build/startup_stm32g474xx.o
DMA2_Channel6_IRQHandler                          build/startup_stm32g474xx.o
DMA2_Channel7_IRQHandler                          build/startup_stm32g474xx.o
DMA2_Channel8_IRQHandler                          build/startup_stm32g474xx.o
DMAMUX_OVR_IRQHandler                             build/startup_stm32g474xx.o
DebugMon_Handler                                  build/stm32g4xx_it.o
Default_Handler                                   build/startup_stm32g474xx.o
EXTI0_IRQHandler                                  build/startup_stm32g474xx.o
EXTI15_10_IRQHandler                              build/startup_stm32g474xx.o
EXTI1_IRQHandler                                  build/startup_stm32g474xx.o
EXTI2_IRQHandler                                  build/startup_stm32g474xx.o
EXTI3_IRQHandler                                  build/startup_stm32g474xx.o
EXTI4_IRQHandler                                  build/startup_stm32g474xx.o
EXTI9_5_IRQHandler                                build/startup_stm32g474xx.o
Error_Handler                                     build/main.o
FDCAN1_IT0_IRQHandler                             build/startup_stm32g474xx.o
FDCAN1_IT1_IRQHandler                             build/startup_stm32g474xx.o
FDCAN2_IT0_IRQHandler                             build/startup_stm32g474xx.o
FDCAN2_IT1_IRQHandler                             build/startup_stm32g474xx.o
FDCAN3_IT0_IRQHandler                             build/startup_stm32g474xx.o
FDCAN3_IT1_IRQHandler                             build/startup_stm32g474xx.o
FLASH_FlushCaches                                 build/stm32g4xx_hal_flash_ex.o
                                                  build/stm32g4xx_hal_flash.o
FLASH_IRQHandler                                  build/startup_stm32g474xx.o
FLASH_PageErase                                   build/stm32g4xx_hal_flash_ex.o
                                                  build/stm32g4xx_hal_flash.o
FLASH_WaitForLastOperation                        build/stm32g4xx_hal_flash.o
                                                  build/stm32g4xx_hal_flash_ex.o
FMAC_IRQHandler                                   build/startup_stm32g474xx.o
FMC_IRQHandler                                    build/startup_stm32g474xx.o
FPU_IRQHandler                                    build/startup_stm32g474xx.o
HAL_DBGMCU_DisableDBGSleepMode                    build/stm32g4xx_hal.o
HAL_DBGMCU_DisableDBGStandbyMode                  build/stm32g4xx_hal.o
HAL_DBGMCU_DisableDBGStopMode                     build/stm32g4xx_hal.o
HAL_DBGMCU_EnableDBGSleepMode                     build/stm32g4xx_hal.o
HAL_DBGMCU_EnableDBGStandbyMode                   build/stm32g4xx_hal.o
HAL_DBGMCU_EnableDBGStopMode                      build/stm32g4xx_hal.o
HAL_DMAEx_ConfigMuxRequestGenerator               build/stm32g4xx_hal_dma_ex.o
HAL_DMAEx_ConfigMuxSync                           build/stm32g4xx_hal_dma_ex.o
HAL_DMAEx_DisableMuxRequestGenerator              build/stm32g4xx_hal_dma_ex.o
HAL_DMAEx_EnableMuxRequestGenerator               build/stm32g4xx_hal_dma_ex.o
HAL_DMAEx_MUX_IRQHandler                          build/stm32g4xx_hal_dma_ex.o
HAL_DMA_Abort                                     build/stm32g4xx_hal_dma.o
HAL_DMA_Abort_IT                                  build/stm32g4xx_hal_dma.o
HAL_DMA_DeInit                                    build/stm32g4xx_hal_dma.o
HAL_DMA_GetError                                  build/stm32g4xx_hal_dma.o
HAL_DMA_GetState                                  build/stm32g4xx_hal_dma.o
HAL_DMA_IRQHandler                                build/stm32g4xx_hal_dma.o
HAL_DMA_Init                                      build/stm32g4xx_hal_dma.o
HAL_DMA_PollForTransfer                           build/stm32g4xx_hal_dma.o
HAL_DMA_RegisterCallback                          build/stm32g4xx_hal_dma.o
HAL_DMA_Start                                     build/stm32g4xx_hal_dma.o
HAL_DMA_Start_IT                                  build/stm32g4xx_hal_dma.o
HAL_DMA_UnRegisterCallback                        build/stm32g4xx_hal_dma.o
HAL_DeInit                                        build/stm32g4xx_hal.o
HAL_Delay                                         build/stm32g4xx_hal.o
HAL_EXTI_ClearConfigLine                          build/stm32g4xx_hal_exti.o
HAL_EXTI_ClearPending                             build/stm32g4xx_hal_exti.o
HAL_EXTI_GenerateSWI                              build/stm32g4xx_hal_exti.o
HAL_EXTI_GetConfigLine                            build/stm32g4xx_hal_exti.o
HAL_EXTI_GetHandle                                build/stm32g4xx_hal_exti.o
HAL_EXTI_GetPending                               build/stm32g4xx_hal_exti.o
HAL_EXTI_IRQHandler                               build/stm32g4xx_hal_exti.o
HAL_EXTI_RegisterCallback                         build/stm32g4xx_hal_exti.o
HAL_EXTI_SetConfigLine                            build/stm32g4xx_hal_exti.o
HAL_FLASHEx_DisableDebugger                       build/stm32g4xx_hal_flash_ex.o
HAL_FLASHEx_DisableRunPowerDown                   build/stm32g4xx_hal_flash_ramfunc.o
HAL_FLASHEx_EnableDebugger                        build/stm32g4xx_hal_flash_ex.o
HAL_FLASHEx_EnableRunPowerDown                    build/stm32g4xx_hal_flash_ramfunc.o
HAL_FLASHEx_EnableSecMemProtection                build/stm32g4xx_hal_flash_ex.o
HAL_FLASHEx_Erase                                 build/stm32g4xx_hal_flash_ex.o
HAL_FLASHEx_Erase_IT                              build/stm32g4xx_hal_flash_ex.o
HAL_FLASHEx_OBGetConfig                           build/stm32g4xx_hal_flash_ex.o
HAL_FLASHEx_OBProgram                             build/stm32g4xx_hal_flash_ex.o
HAL_FLASHEx_OB_DBankConfig                        build/stm32g4xx_hal_flash_ramfunc.o
HAL_FLASH_EndOfOperationCallback                  build/stm32g4xx_hal_flash.o
HAL_FLASH_GetError                                build/stm32g4xx_hal_flash.o
HAL_FLASH_IRQHandler                              build/stm32g4xx_hal_flash.o
HAL_FLASH_Lock                                    build/stm32g4xx_hal_flash.o
HAL_FLASH_OB_Launch                               build/stm32g4xx_hal_flash.o
HAL_FLASH_OB_Lock                                 build/stm32g4xx_hal_flash.o
HAL_FLASH_OB_Unlock                               build/stm32g4xx_hal_flash.o
HAL_FLASH_OperationErrorCallback                  build/stm32g4xx_hal_flash.o
HAL_FLASH_Program                                 build/stm32g4xx_hal_flash.o
HAL_FLASH_Program_IT                              build/stm32g4xx_hal_flash.o
HAL_FLASH_Unlock                                  build/stm32g4xx_hal_flash.o
HAL_GPIO_DeInit                                   build/stm32g4xx_hal_gpio.o
HAL_GPIO_EXTI_Callback                            build/stm32g4xx_hal_gpio.o
HAL_GPIO_EXTI_IRQHandler                          build/stm32g4xx_hal_gpio.o
HAL_GPIO_Init                                     build/stm32g4xx_hal_gpio.o
                                                  build/stm32g4xx_hal_rcc_ex.o
                                                  build/stm32g4xx_hal_rcc.o
                                                  build/main.o
HAL_GPIO_LockPin                                  build/stm32g4xx_hal_gpio.o
HAL_GPIO_ReadPin                                  build/stm32g4xx_hal_gpio.o
HAL_GPIO_TogglePin                                build/stm32g4xx_hal_gpio.o
HAL_GPIO_WritePin                                 build/stm32g4xx_hal_gpio.o
                                                  build/main.o
HAL_GetDEVID                                      build/stm32g4xx_hal.o
HAL_GetHalVersion                                 build/stm32g4xx_hal.o
HAL_GetREVID                                      build/stm32g4xx_hal.o
HAL_GetTick                                       build/stm32g4xx_hal.o
                                                  build/stm32g4xx_hal_dma.o
                                                  build/stm32g4xx_hal_flash.o
                                                  build/stm32g4xx_hal_rcc_ex.o
                                                  build/stm32g4xx_hal_rcc.o
HAL_GetTickFreq                                   build/stm32g4xx_hal.o
HAL_GetTickPrio                                   build/stm32g4xx_hal.o
HAL_GetUIDw0                                      build/stm32g4xx_hal.o
HAL_GetUIDw1                                      build/stm32g4xx_hal.o
HAL_GetUIDw2                                      build/stm32g4xx_hal.o
HAL_IncTick                                       build/stm32g4xx_hal.o
                                                  build/stm32g4xx_it.o
HAL_Init                                          build/stm32g4xx_hal.o
                                                  build/main.o
HAL_InitTick                                      build/stm32g4xx_hal.o
                                                  build/stm32g4xx_hal_rcc.o
HAL_MPU_ConfigRegion                              build/stm32g4xx_hal_cortex.o
HAL_MPU_Disable                                   build/stm32g4xx_hal_cortex.o
HAL_MPU_DisableRegion                             build/stm32g4xx_hal_cortex.o
HAL_MPU_Enable                                    build/stm32g4xx_hal_cortex.o
HAL_MPU_EnableRegion                              build/stm32g4xx_hal_cortex.o
HAL_MspDeInit                                     build/stm32g4xx_hal.o
HAL_MspInit                                       build/stm32g4xx_hal_msp.o
HAL_NVIC_ClearPendingIRQ                          build/stm32g4xx_hal_cortex.o
HAL_NVIC_DisableIRQ                               build/stm32g4xx_hal_cortex.o
HAL_NVIC_EnableIRQ                                build/stm32g4xx_hal_cortex.o
HAL_NVIC_GetActive                                build/stm32g4xx_hal_cortex.o
HAL_NVIC_GetPendingIRQ                            build/stm32g4xx_hal_cortex.o
HAL_NVIC_GetPriority                              build/stm32g4xx_hal_cortex.o
HAL_NVIC_GetPriorityGrouping                      build/stm32g4xx_hal_cortex.o
HAL_NVIC_SetPendingIRQ                            build/stm32g4xx_hal_cortex.o
HAL_NVIC_SetPriority                              build/stm32g4xx_hal_cortex.o
                                                  build/stm32g4xx_hal.o
HAL_NVIC_SetPriorityGrouping                      build/stm32g4xx_hal_cortex.o
                                                  build/stm32g4xx_hal.o
HAL_NVIC_SystemReset                              build/stm32g4xx_hal_cortex.o
HAL_PWREx_ConfigPVM                               build/stm32g4xx_hal_pwr_ex.o
HAL_PWREx_ControlVoltageScaling                   build/stm32g4xx_hal_pwr_ex.o
                                                  build/main.o
HAL_PWREx_DisableBatteryCharging                  build/stm32g4xx_hal_pwr_ex.o
HAL_PWREx_DisableGPIOPullDown                     build/stm32g4xx_hal_pwr_ex.o
HAL_PWREx_DisableGPIOPullUp                       build/stm32g4xx_hal_pwr_ex.o
HAL_PWREx_DisableInternalWakeUpLine               build/stm32g4xx_hal_pwr_ex.o
HAL_PWREx_DisableLowPowerRunMode                  build/stm32g4xx_hal_pwr_ex.o
                                                  build/stm32g4xx_hal_pwr.o
HAL_PWREx_DisablePVM1                             build/stm32g4xx_hal_pwr_ex.o
HAL_PWREx_DisablePVM2                             build/stm32g4xx_hal_pwr_ex.o
HAL_PWREx_DisablePVM3                             build/stm32g4xx_hal_pwr_ex.o
HAL_PWREx_DisablePVM4                             build/stm32g4xx_hal_pwr_ex.o
HAL_PWREx_DisablePullUpPullDownConfig             build/stm32g4xx_hal_pwr_ex.o
HAL_PWREx_DisableSRAM2ContentRetention            build/stm32g4xx_hal_pwr_ex.o
HAL_PWREx_DisableUCPDDeadBattery                  build/stm32g4xx_hal_pwr_ex.o
                                                  build/stm32g4xx_hal_msp.o
HAL_PWREx_DisableUCPDStandbyMode                  build/stm32g4xx_hal_pwr_ex.o
HAL_PWREx_EnableBatteryCharging                   build/stm32g4xx_hal_pwr_ex.o
HAL_PWREx_EnableGPIOPullDown                      build/stm32g4xx_hal_pwr_ex.o
HAL_PWREx_EnableGPIOPullUp                        build/stm32g4xx_hal_pwr_ex.o
HAL_PWREx_EnableInternalWakeUpLine                build/stm32g4xx_hal_pwr_ex.o
HAL_PWREx_EnableLowPowerRunMode                   build/stm32g4xx_hal_pwr_ex.o
                                                  build/stm32g4xx_hal_pwr.o
HAL_PWREx_EnablePVM1                              build/stm32g4xx_hal_pwr_ex.o
HAL_PWREx_EnablePVM2                              build/stm32g4xx_hal_pwr_ex.o
HAL_PWREx_EnablePVM3                              build/stm32g4xx_hal_pwr_ex.o
HAL_PWREx_EnablePVM4                              build/stm32g4xx_hal_pwr_ex.o
HAL_PWREx_EnablePullUpPullDownConfig              build/stm32g4xx_hal_pwr_ex.o
HAL_PWREx_EnableSRAM2ContentRetention             build/stm32g4xx_hal_pwr_ex.o
HAL_PWREx_EnableUCPDDeadBattery                   build/stm32g4xx_hal_pwr_ex.o
HAL_PWREx_EnableUCPDStandbyMode                   build/stm32g4xx_hal_pwr_ex.o
HAL_PWREx_EnterSHUTDOWNMode                       build/stm32g4xx_hal_pwr_ex.o
HAL_PWREx_EnterSTOP0Mode                          build/stm32g4xx_hal_pwr_ex.o
                                                  build/stm32g4xx_hal_pwr.o
HAL_PWREx_EnterSTOP1Mode                          build/stm32g4xx_hal_pwr_ex.o
                                                  build/stm32g4xx_hal_pwr.o
HAL_PWREx_GetVoltageRange                         build/stm32g4xx_hal_pwr_ex.o
HAL_PWREx_PVD_PVM_IRQHandler                      build/stm32g4xx_hal_pwr_ex.o
HAL_PWREx_PVM1Callback                            build/stm32g4xx_hal_pwr_ex.o
HAL_PWREx_PVM2Callback                            build/stm32g4xx_hal_pwr_ex.o
HAL_PWREx_PVM3Callback                            build/stm32g4xx_hal_pwr_ex.o
HAL_PWREx_PVM4Callback                            build/stm32g4xx_hal_pwr_ex.o
HAL_PWR_ConfigPVD                                 build/stm32g4xx_hal_pwr.o
HAL_PWR_DeInit                                    build/stm32g4xx_hal_pwr.o
HAL_PWR_DisableBkUpAccess                         build/stm32g4xx_hal_pwr.o
                                                  build/stm32g4xx_hal_rcc_ex.o
HAL_PWR_DisablePVD                                build/stm32g4xx_hal_pwr.o
HAL_PWR_DisableSEVOnPend                          build/stm32g4xx_hal_pwr.o
HAL_PWR_DisableSleepOnExit                        build/stm32g4xx_hal_pwr.o
HAL_PWR_DisableWakeUpPin                          build/stm32g4xx_hal_pwr.o
HAL_PWR_EnableBkUpAccess                          build/stm32g4xx_hal_pwr.o
                                                  build/stm32g4xx_hal_rcc_ex.o
HAL_PWR_EnablePVD                                 build/stm32g4xx_hal_pwr.o
HAL_PWR_EnableSEVOnPend                           build/stm32g4xx_hal_pwr.o
HAL_PWR_EnableSleepOnExit                         build/stm32g4xx_hal_pwr.o
HAL_PWR_EnableWakeUpPin                           build/stm32g4xx_hal_pwr.o
HAL_PWR_EnterSLEEPMode                            build/stm32g4xx_hal_pwr.o
HAL_PWR_EnterSTANDBYMode                          build/stm32g4xx_hal_pwr.o
HAL_PWR_EnterSTOPMode                             build/stm32g4xx_hal_pwr.o
HAL_PWR_PVDCallback                               build/stm32g4xx_hal_pwr.o
                                                  build/stm32g4xx_hal_pwr_ex.o
HAL_RCCEx_CRSConfig                               build/stm32g4xx_hal_rcc_ex.o
HAL_RCCEx_CRSGetSynchronizationInfo               build/stm32g4xx_hal_rcc_ex.o
HAL_RCCEx_CRSSoftwareSynchronizationGenerate      build/stm32g4xx_hal_rcc_ex.o
HAL_RCCEx_CRSWaitSynchronization                  build/stm32g4xx_hal_rcc_ex.o
HAL_RCCEx_CRS_ErrorCallback                       build/stm32g4xx_hal_rcc_ex.o
HAL_RCCEx_CRS_ExpectedSyncCallback                build/stm32g4xx_hal_rcc_ex.o
HAL_RCCEx_CRS_IRQHandler                          build/stm32g4xx_hal_rcc_ex.o
HAL_RCCEx_CRS_SyncOkCallback                      build/stm32g4xx_hal_rcc_ex.o
HAL_RCCEx_CRS_SyncWarnCallback                    build/stm32g4xx_hal_rcc_ex.o
HAL_RCCEx_DisableLSCO                             build/stm32g4xx_hal_rcc_ex.o
HAL_RCCEx_DisableLSECSS                           build/stm32g4xx_hal_rcc_ex.o
HAL_RCCEx_EnableLSCO                              build/stm32g4xx_hal_rcc_ex.o
HAL_RCCEx_EnableLSECSS                            build/stm32g4xx_hal_rcc_ex.o
HAL_RCCEx_EnableLSECSS_IT                         build/stm32g4xx_hal_rcc_ex.o
HAL_RCCEx_GetPeriphCLKConfig                      build/stm32g4xx_hal_rcc_ex.o
HAL_RCCEx_GetPeriphCLKFreq                        build/stm32g4xx_hal_rcc_ex.o
HAL_RCCEx_LSECSS_Callback                         build/stm32g4xx_hal_rcc_ex.o
HAL_RCCEx_LSECSS_IRQHandler                       build/stm32g4xx_hal_rcc_ex.o
HAL_RCCEx_PeriphCLKConfig                         build/stm32g4xx_hal_rcc_ex.o
HAL_RCC_CSSCallback                               build/stm32g4xx_hal_rcc.o
HAL_RCC_ClockConfig                               build/stm32g4xx_hal_rcc.o
                                                  build/main.o
HAL_RCC_DeInit                                    build/stm32g4xx_hal_rcc.o
HAL_RCC_DisableLSECSS                             build/stm32g4xx_hal_rcc.o
HAL_RCC_EnableCSS                                 build/stm32g4xx_hal_rcc.o
HAL_RCC_EnableLSECSS                              build/stm32g4xx_hal_rcc.o
HAL_RCC_GetClockConfig                            build/stm32g4xx_hal_rcc.o
HAL_RCC_GetHCLKFreq                               build/stm32g4xx_hal_rcc.o
HAL_RCC_GetOscConfig                              build/stm32g4xx_hal_rcc.o
HAL_RCC_GetPCLK1Freq                              build/stm32g4xx_hal_rcc.o
                                                  build/stm32g4xx_hal_rcc_ex.o
HAL_RCC_GetPCLK2Freq                              build/stm32g4xx_hal_rcc.o
                                                  build/stm32g4xx_hal_rcc_ex.o
HAL_RCC_GetSysClockFreq                           build/stm32g4xx_hal_rcc.o
                                                  build/stm32g4xx_hal_rcc_ex.o
HAL_RCC_MCOConfig                                 build/stm32g4xx_hal_rcc.o
HAL_RCC_NMI_IRQHandler                            build/stm32g4xx_hal_rcc.o
HAL_RCC_OscConfig                                 build/stm32g4xx_hal_rcc.o
                                                  build/main.o
HAL_ResumeTick                                    build/stm32g4xx_hal.o
HAL_SYSCFG_CCMSRAMErase                           build/stm32g4xx_hal.o
HAL_SYSCFG_CCMSRAM_WriteProtectionEnable          build/stm32g4xx_hal.o
HAL_SYSCFG_DisableIOSwitchBooster                 build/stm32g4xx_hal.o
HAL_SYSCFG_DisableIOSwitchVDD                     build/stm32g4xx_hal.o
HAL_SYSCFG_DisableMemorySwappingBank              build/stm32g4xx_hal.o
HAL_SYSCFG_DisableVREFBUF                         build/stm32g4xx_hal.o
HAL_SYSCFG_EnableIOSwitchBooster                  build/stm32g4xx_hal.o
HAL_SYSCFG_EnableIOSwitchVDD                      build/stm32g4xx_hal.o
HAL_SYSCFG_EnableMemorySwappingBank               build/stm32g4xx_hal.o
HAL_SYSCFG_EnableVREFBUF                          build/stm32g4xx_hal.o
HAL_SYSCFG_VREFBUF_HighImpedanceConfig            build/stm32g4xx_hal.o
HAL_SYSCFG_VREFBUF_TrimmingConfig                 build/stm32g4xx_hal.o
HAL_SYSCFG_VREFBUF_VoltageScalingConfig           build/stm32g4xx_hal.o
HAL_SYSTICK_CLKSourceConfig                       build/stm32g4xx_hal_cortex.o
HAL_SYSTICK_Callback                              build/stm32g4xx_hal_cortex.o
HAL_SYSTICK_Config                                build/stm32g4xx_hal_cortex.o
                                                  build/stm32g4xx_hal.o
HAL_SYSTICK_IRQHandler                            build/stm32g4xx_hal_cortex.o
HAL_SetTickFreq                                   build/stm32g4xx_hal.o
HAL_SuspendTick                                   build/stm32g4xx_hal.o
HRTIM1_FLT_IRQHandler                             build/startup_stm32g474xx.o
HRTIM1_Master_IRQHandler                          build/startup_stm32g474xx.o
HRTIM1_TIMA_IRQHandler                            build/startup_stm32g474xx.o
HRTIM1_TIMB_IRQHandler                            build/startup_stm32g474xx.o
HRTIM1_TIMC_IRQHandler                            build/startup_stm32g474xx.o
HRTIM1_TIMD_IRQHandler                            build/startup_stm32g474xx.o
HRTIM1_TIME_IRQHandler                            build/startup_stm32g474xx.o
HRTIM1_TIMF_IRQHandler                            build/startup_stm32g474xx.o
HardFault_Handler                                 build/stm32g4xx_it.o
I2C1_ER_IRQHandler                                build/startup_stm32g474xx.o
I2C1_EV_IRQHandler                                build/startup_stm32g474xx.o
I2C2_ER_IRQHandler                                build/startup_stm32g474xx.o
I2C2_EV_IRQHandler                                build/startup_stm32g474xx.o
I2C3_ER_IRQHandler                                build/startup_stm32g474xx.o
I2C3_EV_IRQHandler                                build/startup_stm32g474xx.o
I2C4_ER_IRQHandler                                build/startup_stm32g474xx.o
I2C4_EV_IRQHandler                                build/startup_stm32g474xx.o
LPTIM1_IRQHandler                                 build/startup_stm32g474xx.o
LPUART1_IRQHandler                                build/startup_stm32g474xx.o
MemManage_Handler                                 build/stm32g4xx_it.o
NMI_Handler                                       build/stm32g4xx_it.o
PVD_PVM_IRQHandler                                build/startup_stm32g474xx.o
PendSV_Handler                                    build/stm32g4xx_it.o
QUADSPI_IRQHandler                                build/startup_stm32g474xx.o
RCC_IRQHandler                                    build/startup_stm32g474xx.o
RNG_IRQHandler                                    build/startup_stm32g474xx.o
RTC_Alarm_IRQHandler                              build/startup_stm32g474xx.o
RTC_TAMP_LSECSS_IRQHandler                        build/startup_stm32g474xx.o
RTC_WKUP_IRQHandler                               build/startup_stm32g474xx.o
Reset_Handler                                     build/startup_stm32g474xx.o
SAI1_IRQHandler                                   build/startup_stm32g474xx.o
SPI1_IRQHandler                                   build/startup_stm32g474xx.o
SPI2_IRQHandler                                   build/startup_stm32g474xx.o
SPI3_IRQHandler                                   build/startup_stm32g474xx.o
SPI4_IRQHandler                                   build/startup_stm32g474xx.o
SVC_Handler                                       build/stm32g4xx_it.o
SysTick_Handler                                   build/stm32g4xx_it.o
SystemClock_Config                                build/main.o
SystemCoreClock                                   build/system_stm32g4xx.o
                                                  build/stm32g4xx_hal_flash_ramfunc.o
                                                  build/stm32g4xx_hal_rcc.o
                                                  build/stm32g4xx_hal.o
                                                  build/stm32g4xx_hal_pwr_ex.o
SystemCoreClockUpdate                             build/system_stm32g4xx.o
SystemInit                                        build/system_stm32g4xx.o
                                                  build/startup_stm32g474xx.o
TIM1_BRK_TIM15_IRQHandler                         build/startup_stm32g474xx.o
TIM1_CC_IRQHandler                                build/startup_stm32g474xx.o
TIM1_TRG_COM_TIM17_IRQHandler                     build/startup_stm32g474xx.o
TIM1_UP_TIM16_IRQHandler                          build/startup_stm32g474xx.o
TIM20_BRK_IRQHandler                              build/startup_stm32g474xx.o
TIM20_CC_IRQHandler                               build/startup_stm32g474xx.o
TIM20_TRG_COM_IRQHandler                          build/startup_stm32g474xx.o
TIM20_UP_IRQHandler                               build/startup_stm32g474xx.o
TIM2_IRQHandler                                   build/startup_stm32g474xx.o
TIM3_IRQHandler                                   build/startup_stm32g474xx.o
TIM4_IRQHandler                                   build/startup_stm32g474xx.o
TIM5_IRQHandler                                   build/startup_stm32g474xx.o
TIM6_DAC_IRQHandler                               build/startup_stm32g474xx.o
TIM7_DAC_IRQHandler                               build/startup_stm32g474xx.o
TIM8_BRK_IRQHandler                               build/startup_stm32g474xx.o
TIM8_CC_IRQHandler                                build/startup_stm32g474xx.o
TIM8_TRG_COM_IRQHandler                           build/startup_stm32g474xx.o
TIM8_UP_IRQHandler                                build/startup_stm32g474xx.o
UART4_IRQHandler                                  build/startup_stm32g474xx.o
UART5_IRQHandler                                  build/startup_stm32g474xx.o
UCPD1_IRQHandler                                  build/startup_stm32g474xx.o
USART1_IRQHandler                                 build/startup_stm32g474xx.o
USART2_IRQHandler                                 build/startup_stm32g474xx.o
USART3_IRQHandler                                 build/startup_stm32g474xx.o
USBWakeUp_IRQHandler                              build/startup_stm32g474xx.o
USB_HP_IRQHandler                                 build/startup_stm32g474xx.o
USB_LP_IRQHandler                                 build/startup_stm32g474xx.o
UsageFault_Handler                                build/stm32g4xx_it.o
WWDG_IRQHandler                                   build/startup_stm32g474xx.o
_ITM_deregisterTMCloneTable                       /Applications/ArmGNUToolchain/14.2.rel1/arm-none-eabi/bin/../lib/gcc/arm-none-eabi/14.2.1/thumb/v7e-m+fp/hard/crtbegin.o
_ITM_registerTMCloneTable                         /Applications/ArmGNUToolchain/14.2.rel1/arm-none-eabi/bin/../lib/gcc/arm-none-eabi/14.2.1/thumb/v7e-m+fp/hard/crtbegin.o
_Min_Stack_Size                                   build/sysmem.o
__TMC_END__                                       /Applications/ArmGNUToolchain/14.2.rel1/arm-none-eabi/bin/../lib/gcc/arm-none-eabi/14.2.1/thumb/v7e-m+fp/hard/crtend.o
                                                  /Applications/ArmGNUToolchain/14.2.rel1/arm-none-eabi/bin/../lib/gcc/arm-none-eabi/14.2.1/thumb/v7e-m+fp/hard/crtbegin.o
__bss_end__                                       /Applications/ArmGNUToolchain/14.2.rel1/arm-none-eabi/bin/../lib/gcc/arm-none-eabi/14.2.1/../../../../arm-none-eabi/lib/thumb/v7e-m+fp/hard/crt0.o
__bss_start__                                     /Applications/ArmGNUToolchain/14.2.rel1/arm-none-eabi/bin/../lib/gcc/arm-none-eabi/14.2.1/../../../../arm-none-eabi/lib/thumb/v7e-m+fp/hard/crt0.o
__call_exitprocs                                  /Applications/ArmGNUToolchain/14.2.rel1/arm-none-eabi/bin/../lib/gcc/arm-none-eabi/14.2.1/../../../../arm-none-eabi/lib/thumb/v7e-m+fp/hard/libc_nano.a(libc_a-exit.o)
__deregister_frame_info                           /Applications/ArmGNUToolchain/14.2.rel1/arm-none-eabi/bin/../lib/gcc/arm-none-eabi/14.2.1/thumb/v7e-m+fp/hard/crtbegin.o
__dso_handle                                      /Applications/ArmGNUToolchain/14.2.rel1/arm-none-eabi/bin/../lib/gcc/arm-none-eabi/14.2.1/thumb/v7e-m+fp/hard/crtbegin.o
__env                                             build/syscalls.o
__errno                                           /Applications/ArmGNUToolchain/14.2.rel1/arm-none-eabi/bin/../lib/gcc/arm-none-eabi/14.2.1/../../../../arm-none-eabi/lib/thumb/v7e-m+fp/hard/libc_nano.a(libc_a-errno.o)
                                                  build/syscalls.o
                                                  build/sysmem.o
__fp_lock_all                                     /Applications/ArmGNUToolchain/14.2.rel1/arm-none-eabi/bin/../lib/gcc/arm-none-eabi/14.2.1/../../../../arm-none-eabi/lib/thumb/v7e-m+fp/hard/libc_nano.a(libc_a-findfp.o)
__fp_unlock_all                                   /Applications/ArmGNUToolchain/14.2.rel1/arm-none-eabi/bin/../lib/gcc/arm-none-eabi/14.2.1/../../../../arm-none-eabi/lib/thumb/v7e-m+fp/hard/libc_nano.a(libc_a-findfp.o)
__init_array_end                                  /Applications/ArmGNUToolchain/14.2.rel1/arm-none-eabi/bin/../lib/gcc/arm-none-eabi/14.2.1/../../../../arm-none-eabi/lib/thumb/v7e-m+fp/hard/libc_nano.a(libc_a-init.o)
__init_array_start                                /Applications/ArmGNUToolchain/14.2.rel1/arm-none-eabi/bin/../lib/gcc/arm-none-eabi/14.2.1/../../../../arm-none-eabi/lib/thumb/v7e-m+fp/hard/libc_nano.a(libc_a-init.o)
__io_getchar                                      build/syscalls.o
__io_putchar                                      build/syscalls.o
__libc_fini_array                                 /Applications/ArmGNUToolchain/14.2.rel1/arm-none-eabi/bin/../lib/gcc/arm-none-eabi/14.2.1/../../../../arm-none-eabi/lib/thumb/v7e-m+fp/hard/crt0.o
__libc_init_array                                 /Applications/ArmGNUToolchain/14.2.rel1/arm-none-eabi/bin/../lib/gcc/arm-none-eabi/14.2.1/../../../../arm-none-eabi/lib/thumb/v7e-m+fp/hard/libc_nano.a(libc_a-init.o)
                                                  build/startup_stm32g474xx.o
                                                  /Applications/ArmGNUToolchain/14.2.rel1/arm-none-eabi/bin/../lib/gcc/arm-none-eabi/14.2.1/../../../../arm-none-eabi/lib/thumb/v7e-m+fp/hard/crt0.o
__lock___arc4random_mutex                         /Applications/ArmGNUToolchain/14.2.rel1/arm-none-eabi/bin/../lib/gcc/arm-none-eabi/14.2.1/../../../../arm-none-eabi/lib/thumb/v7e-m+fp/hard/libc_nano.a(libc_a-lock.o)
__lock___at_quick_exit_mutex                      /Applications/ArmGNUToolchain/14.2.rel1/arm-none-eabi/bin/../lib/gcc/arm-none-eabi/14.2.1/../../../../arm-none-eabi/lib/thumb/v7e-m+fp/hard/libc_nano.a(libc_a-lock.o)
__lock___atexit_recursive_mutex                   /Applications/ArmGNUToolchain/14.2.rel1/arm-none-eabi/bin/../lib/gcc/arm-none-eabi/14.2.1/../../../../arm-none-eabi/lib/thumb/v7e-m+fp/hard/libc_nano.a(libc_a-lock.o)
__lock___dd_hash_mutex                            /Applications/ArmGNUToolchain/14.2.rel1/arm-none-eabi/bin/../lib/gcc/arm-none-eabi/14.2.1/../../../../arm-none-eabi/lib/thumb/v7e-m+fp/hard/libc_nano.a(libc_a-lock.o)
__lock___env_recursive_mutex                      /Applications/ArmGNUToolchain/14.2.rel1/arm-none-eabi/bin/../lib/gcc/arm-none-eabi/14.2.1/../../../../arm-none-eabi/lib/thumb/v7e-m+fp/hard/libc_nano.a(libc_a-lock.o)
__lock___malloc_recursive_mutex                   /Applications/ArmGNUToolchain/14.2.rel1/arm-none-eabi/bin/../lib/gcc/arm-none-eabi/14.2.1/../../../../arm-none-eabi/lib/thumb/v7e-m+fp/hard/libc_nano.a(libc_a-lock.o)
                                                  /Applications/ArmGNUToolchain/14.2.rel1/arm-none-eabi/bin/../lib/gcc/arm-none-eabi/14.2.1/../../../../arm-none-eabi/lib/thumb/v7e-m+fp/hard/libc_nano.a(libc_a-mlock.o)
__lock___sfp_recursive_mutex                      /Applications/ArmGNUToolchain/14.2.rel1/arm-none-eabi/bin/../lib/gcc/arm-none-eabi/14.2.1/../../../../arm-none-eabi/lib/thumb/v7e-m+fp/hard/libc_nano.a(libc_a-lock.o)
                                                  /Applications/ArmGNUToolchain/14.2.rel1/arm-none-eabi/bin/../lib/gcc/arm-none-eabi/14.2.1/../../../../arm-none-eabi/lib/thumb/v7e-m+fp/hard/libc_nano.a(libc_a-findfp.o)
__lock___tz_mutex                                 /Applications/ArmGNUToolchain/14.2.rel1/arm-none-eabi/bin/../lib/gcc/arm-none-eabi/14.2.1/../../../../arm-none-eabi/lib/thumb/v7e-m+fp/hard/libc_nano.a(libc_a-lock.o)
__malloc_free_list                                /Applications/ArmGNUToolchain/14.2.rel1/arm-none-eabi/bin/../lib/gcc/arm-none-eabi/14.2.1/../../../../arm-none-eabi/lib/thumb/v7e-m+fp/hard/libc_nano.a(libc_a-mallocr.o)
                                                  /Applications/ArmGNUToolchain/14.2.rel1/arm-none-eabi/bin/../lib/gcc/arm-none-eabi/14.2.1/../../../../arm-none-eabi/lib/thumb/v7e-m+fp/hard/libc_nano.a(libc_a-freer.o)
__malloc_lock                                     /Applications/ArmGNUToolchain/14.2.rel1/arm-none-eabi/bin/../lib/gcc/arm-none-eabi/14.2.1/../../../../arm-none-eabi/lib/thumb/v7e-m+fp/hard/libc_nano.a(libc_a-mlock.o)
                                                  /Applications/ArmGNUToolchain/14.2.rel1/arm-none-eabi/bin/../lib/gcc/arm-none-eabi/14.2.1/../../../../arm-none-eabi/lib/thumb/v7e-m+fp/hard/libc_nano.a(libc_a-freer.o)
                                                  /Applications/ArmGNUToolchain/14.2.rel1/arm-none-eabi/bin/../lib/gcc/arm-none-eabi/14.2.1/../../../../arm-none-eabi/lib/thumb/v7e-m+fp/hard/libc_nano.a(libc_a-mallocr.o)
__malloc_sbrk_start                               /Applications/ArmGNUToolchain/14.2.rel1/arm-none-eabi/bin/../lib/gcc/arm-none-eabi/14.2.1/../../../../arm-none-eabi/lib/thumb/v7e-m+fp/hard/libc_nano.a(libc_a-mallocr.o)
__malloc_unlock                                   /Applications/ArmGNUToolchain/14.2.rel1/arm-none-eabi/bin/../lib/gcc/arm-none-eabi/14.2.1/../../../../arm-none-eabi/lib/thumb/v7e-m+fp/hard/libc_nano.a(libc_a-mlock.o)
                                                  /Applications/ArmGNUToolchain/14.2.rel1/arm-none-eabi/bin/../lib/gcc/arm-none-eabi/14.2.1/../../../../arm-none-eabi/lib/thumb/v7e-m+fp/hard/libc_nano.a(libc_a-freer.o)
                                                  /Applications/ArmGNUToolchain/14.2.rel1/arm-none-eabi/bin/../lib/gcc/arm-none-eabi/14.2.1/../../../../arm-none-eabi/lib/thumb/v7e-m+fp/hard/libc_nano.a(libc_a-mallocr.o)
__preinit_array_end                               /Applications/ArmGNUToolchain/14.2.rel1/arm-none-eabi/bin/../lib/gcc/arm-none-eabi/14.2.1/../../../../arm-none-eabi/lib/thumb/v7e-m+fp/hard/libc_nano.a(libc_a-init.o)
__preinit_array_start                             /Applications/ArmGNUToolchain/14.2.rel1/arm-none-eabi/bin/../lib/gcc/arm-none-eabi/14.2.1/../../../../arm-none-eabi/lib/thumb/v7e-m+fp/hard/libc_nano.a(libc_a-init.o)
__register_frame_info                             /Applications/ArmGNUToolchain/14.2.rel1/arm-none-eabi/bin/../lib/gcc/arm-none-eabi/14.2.1/thumb/v7e-m+fp/hard/crtbegin.o
__retarget_lock_acquire                           /Applications/ArmGNUToolchain/14.2.rel1/arm-none-eabi/bin/../lib/gcc/arm-none-eabi/14.2.1/../../../../arm-none-eabi/lib/thumb/v7e-m+fp/hard/libc_nano.a(libc_a-lock.o)
__retarget_lock_acquire_recursive                 /Applications/ArmGNUToolchain/14.2.rel1/arm-none-eabi/bin/../lib/gcc/arm-none-eabi/14.2.1/../../../../arm-none-eabi/lib/thumb/v7e-m+fp/hard/libc_nano.a(libc_a-lock.o)
                                                  /Applications/ArmGNUToolchain/14.2.rel1/arm-none-eabi/bin/../lib/gcc/arm-none-eabi/14.2.1/../../../../arm-none-eabi/lib/thumb/v7e-m+fp/hard/libc_nano.a(libc_a-mlock.o)
                                                  /Applications/ArmGNUToolchain/14.2.rel1/arm-none-eabi/bin/../lib/gcc/arm-none-eabi/14.2.1/../../../../arm-none-eabi/lib/thumb/v7e-m+fp/hard/libc_nano.a(libc_a-fflush.o)
                                                  /Applications/ArmGNUToolchain/14.2.rel1/arm-none-eabi/bin/../lib/gcc/arm-none-eabi/14.2.1/../../../../arm-none-eabi/lib/thumb/v7e-m+fp/hard/libc_nano.a(libc_a-findfp.o)
__retarget_lock_close                             /Applications/ArmGNUToolchain/14.2.rel1/arm-none-eabi/bin/../lib/gcc/arm-none-eabi/14.2.1/../../../../arm-none-eabi/lib/thumb/v7e-m+fp/hard/libc_nano.a(libc_a-lock.o)
__retarget_lock_close_recursive                   /Applications/ArmGNUToolchain/14.2.rel1/arm-none-eabi/bin/../lib/gcc/arm-none-eabi/14.2.1/../../../../arm-none-eabi/lib/thumb/v7e-m+fp/hard/libc_nano.a(libc_a-lock.o)
__retarget_lock_init                              /Applications/ArmGNUToolchain/14.2.rel1/arm-none-eabi/bin/../lib/gcc/arm-none-eabi/14.2.1/../../../../arm-none-eabi/lib/thumb/v7e-m+fp/hard/libc_nano.a(libc_a-lock.o)
__retarget_lock_init_recursive                    /Applications/ArmGNUToolchain/14.2.rel1/arm-none-eabi/bin/../lib/gcc/arm-none-eabi/14.2.1/../../../../arm-none-eabi/lib/thumb/v7e-m+fp/hard/libc_nano.a(libc_a-lock.o)
                                                  /Applications/ArmGNUToolchain/14.2.rel1/arm-none-eabi/bin/../lib/gcc/arm-none-eabi/14.2.1/../../../../arm-none-eabi/lib/thumb/v7e-m+fp/hard/libc_nano.a(libc_a-findfp.o)
__retarget_lock_release                           /Applications/ArmGNUToolchain/14.2.rel1/arm-none-eabi/bin/../lib/gcc/arm-none-eabi/14.2.1/../../../../arm-none-eabi/lib/thumb/v7e-m+fp/hard/libc_nano.a(libc_a-lock.o)
__retarget_lock_release_recursive                 /Applications/ArmGNUToolchain/14.2.rel1/arm-none-eabi/bin/../lib/gcc/arm-none-eabi/14.2.1/../../../../arm-none-eabi/lib/thumb/v7e-m+fp/hard/libc_nano.a(libc_a-lock.o)
                                                  /Applications/ArmGNUToolchain/14.2.rel1/arm-none-eabi/bin/../lib/gcc/arm-none-eabi/14.2.1/../../../../arm-none-eabi/lib/thumb/v7e-m+fp/hard/libc_nano.a(libc_a-mlock.o)
                                                  /Applications/ArmGNUToolchain/14.2.rel1/arm-none-eabi/bin/../lib/gcc/arm-none-eabi/14.2.1/../../../../arm-none-eabi/lib/thumb/v7e-m+fp/hard/libc_nano.a(libc_a-fflush.o)
                                                  /Applications/ArmGNUToolchain/14.2.rel1/arm-none-eabi/bin/../lib/gcc/arm-none-eabi/14.2.1/../../../../arm-none-eabi/lib/thumb/v7e-m+fp/hard/libc_nano.a(libc_a-findfp.o)
__retarget_lock_try_acquire                       /Applications/ArmGNUToolchain/14.2.rel1/arm-none-eabi/bin/../lib/gcc/arm-none-eabi/14.2.1/../../../../arm-none-eabi/lib/thumb/v7e-m+fp/hard/libc_nano.a(libc_a-lock.o)
__retarget_lock_try_acquire_recursive             /Applications/ArmGNUToolchain/14.2.rel1/arm-none-eabi/bin/../lib/gcc/arm-none-eabi/14.2.1/../../../../arm-none-eabi/lib/thumb/v7e-m+fp/hard/libc_nano.a(libc_a-lock.o)
__sclose                                          /Applications/ArmGNUToolchain/14.2.rel1/arm-none-eabi/bin/../lib/gcc/arm-none-eabi/14.2.1/../../../../arm-none-eabi/lib/thumb/v7e-m+fp/hard/libc_nano.a(libc_a-stdio.o)
                                                  /Applications/ArmGNUToolchain/14.2.rel1/arm-none-eabi/bin/../lib/gcc/arm-none-eabi/14.2.1/../../../../arm-none-eabi/lib/thumb/v7e-m+fp/hard/libc_nano.a(libc_a-findfp.o)
__seofread                                        /Applications/ArmGNUToolchain/14.2.rel1/arm-none-eabi/bin/../lib/gcc/arm-none-eabi/14.2.1/../../../../arm-none-eabi/lib/thumb/v7e-m+fp/hard/libc_nano.a(libc_a-stdio.o)
__sf                                              /Applications/ArmGNUToolchain/14.2.rel1/arm-none-eabi/bin/../lib/gcc/arm-none-eabi/14.2.1/../../../../arm-none-eabi/lib/thumb/v7e-m+fp/hard/libc_nano.a(libc_a-findfp.o)
                                                  /Applications/ArmGNUToolchain/14.2.rel1/arm-none-eabi/bin/../lib/gcc/arm-none-eabi/14.2.1/../../../../arm-none-eabi/lib/thumb/v7e-m+fp/hard/libc_nano.a(libc_a-impure.o)
__sflush_r                                        /Applications/ArmGNUToolchain/14.2.rel1/arm-none-eabi/bin/../lib/gcc/arm-none-eabi/14.2.1/../../../../arm-none-eabi/lib/thumb/v7e-m+fp/hard/libc_nano.a(libc_a-fflush.o)
__sfp                                             /Applications/ArmGNUToolchain/14.2.rel1/arm-none-eabi/bin/../lib/gcc/arm-none-eabi/14.2.1/../../../../arm-none-eabi/lib/thumb/v7e-m+fp/hard/libc_nano.a(libc_a-findfp.o)
__sfp_lock_acquire                                /Applications/ArmGNUToolchain/14.2.rel1/arm-none-eabi/bin/../lib/gcc/arm-none-eabi/14.2.1/../../../../arm-none-eabi/lib/thumb/v7e-m+fp/hard/libc_nano.a(libc_a-findfp.o)
__sfp_lock_release                                /Applications/ArmGNUToolchain/14.2.rel1/arm-none-eabi/bin/../lib/gcc/arm-none-eabi/14.2.1/../../../../arm-none-eabi/lib/thumb/v7e-m+fp/hard/libc_nano.a(libc_a-findfp.o)
__sglue                                           /Applications/ArmGNUToolchain/14.2.rel1/arm-none-eabi/bin/../lib/gcc/arm-none-eabi/14.2.1/../../../../arm-none-eabi/lib/thumb/v7e-m+fp/hard/libc_nano.a(libc_a-findfp.o)
                                                  /Applications/ArmGNUToolchain/14.2.rel1/arm-none-eabi/bin/../lib/gcc/arm-none-eabi/14.2.1/../../../../arm-none-eabi/lib/thumb/v7e-m+fp/hard/libc_nano.a(libc_a-fflush.o)
__sinit                                           /Applications/ArmGNUToolchain/14.2.rel1/arm-none-eabi/bin/../lib/gcc/arm-none-eabi/14.2.1/../../../../arm-none-eabi/lib/thumb/v7e-m+fp/hard/libc_nano.a(libc_a-findfp.o)
                                                  /Applications/ArmGNUToolchain/14.2.rel1/arm-none-eabi/bin/../lib/gcc/arm-none-eabi/14.2.1/../../../../arm-none-eabi/lib/thumb/v7e-m+fp/hard/libc_nano.a(libc_a-fflush.o)
__sread                                           /Applications/ArmGNUToolchain/14.2.rel1/arm-none-eabi/bin/../lib/gcc/arm-none-eabi/14.2.1/../../../../arm-none-eabi/lib/thumb/v7e-m+fp/hard/libc_nano.a(libc_a-stdio.o)
                                                  /Applications/ArmGNUToolchain/14.2.rel1/arm-none-eabi/bin/../lib/gcc/arm-none-eabi/14.2.1/../../../../arm-none-eabi/lib/thumb/v7e-m+fp/hard/libc_nano.a(libc_a-findfp.o)
__sseek                                           /Applications/ArmGNUToolchain/14.2.rel1/arm-none-eabi/bin/../lib/gcc/arm-none-eabi/14.2.1/../../../../arm-none-eabi/lib/thumb/v7e-m+fp/hard/libc_nano.a(libc_a-stdio.o)
                                                  /Applications/ArmGNUToolchain/14.2.rel1/arm-none-eabi/bin/../lib/gcc/arm-none-eabi/14.2.1/../../../../arm-none-eabi/lib/thumb/v7e-m+fp/hard/libc_nano.a(libc_a-findfp.o)
__stack                                           /Applications/ArmGNUToolchain/14.2.rel1/arm-none-eabi/bin/../lib/gcc/arm-none-eabi/14.2.1/../../../../arm-none-eabi/lib/thumb/v7e-m+fp/hard/crt0.o
__stdio_exit_handler                              /Applications/ArmGNUToolchain/14.2.rel1/arm-none-eabi/bin/../lib/gcc/arm-none-eabi/14.2.1/../../../../arm-none-eabi/lib/thumb/v7e-m+fp/hard/libc_nano.a(libc_a-findfp.o)
                                                  /Applications/ArmGNUToolchain/14.2.rel1/arm-none-eabi/bin/../lib/gcc/arm-none-eabi/14.2.1/../../../../arm-none-eabi/lib/thumb/v7e-m+fp/hard/libc_nano.a(libc_a-exit.o)
__swrite                                          /Applications/ArmGNUToolchain/14.2.rel1/arm-none-eabi/bin/../lib/gcc/arm-none-eabi/14.2.1/../../../../arm-none-eabi/lib/thumb/v7e-m+fp/hard/libc_nano.a(libc_a-stdio.o)
                                                  /Applications/ArmGNUToolchain/14.2.rel1/arm-none-eabi/bin/../lib/gcc/arm-none-eabi/14.2.1/../../../../arm-none-eabi/lib/thumb/v7e-m+fp/hard/libc_nano.a(libc_a-findfp.o)
_close                                            build/syscalls.o
                                                  /Applications/ArmGNUToolchain/14.2.rel1/arm-none-eabi/bin/../lib/gcc/arm-none-eabi/14.2.1/../../../../arm-none-eabi/lib/thumb/v7e-m+fp/hard/libc_nano.a(libc_a-closer.o)
_close_r                                          /Applications/ArmGNUToolchain/14.2.rel1/arm-none-eabi/bin/../lib/gcc/arm-none-eabi/14.2.1/../../../../arm-none-eabi/lib/thumb/v7e-m+fp/hard/libc_nano.a(libc_a-closer.o)
                                                  /Applications/ArmGNUToolchain/14.2.rel1/arm-none-eabi/bin/../lib/gcc/arm-none-eabi/14.2.1/../../../../arm-none-eabi/lib/thumb/v7e-m+fp/hard/libc_nano.a(libc_a-stdio.o)
_ebss                                             build/startup_stm32g474xx.o
_edata                                            build/startup_stm32g474xx.o
_end                                              build/sysmem.o
_estack                                           build/startup_stm32g474xx.o
                                                  build/sysmem.o
_execve                                           build/syscalls.o
_exit                                             build/syscalls.o
                                                  /Applications/ArmGNUToolchain/14.2.rel1/arm-none-eabi/bin/../lib/gcc/arm-none-eabi/14.2.1/../../../../arm-none-eabi/lib/thumb/v7e-m+fp/hard/libc_nano.a(libc_a-exit.o)
_fflush_r                                         /Applications/ArmGNUToolchain/14.2.rel1/arm-none-eabi/bin/../lib/gcc/arm-none-eabi/14.2.1/../../../../arm-none-eabi/lib/thumb/v7e-m+fp/hard/libc_nano.a(libc_a-fflush.o)
                                                  /Applications/ArmGNUToolchain/14.2.rel1/arm-none-eabi/bin/../lib/gcc/arm-none-eabi/14.2.1/../../../../arm-none-eabi/lib/thumb/v7e-m+fp/hard/libc_nano.a(libc_a-findfp.o)
_fini                                             /Applications/ArmGNUToolchain/14.2.rel1/arm-none-eabi/bin/../lib/gcc/arm-none-eabi/14.2.1/thumb/v7e-m+fp/hard/crti.o
_fork                                             build/syscalls.o
_free_r                                           /Applications/ArmGNUToolchain/14.2.rel1/arm-none-eabi/bin/../lib/gcc/arm-none-eabi/14.2.1/../../../../arm-none-eabi/lib/thumb/v7e-m+fp/hard/libc_nano.a(libc_a-freer.o)
                                                  /Applications/ArmGNUToolchain/14.2.rel1/arm-none-eabi/bin/../lib/gcc/arm-none-eabi/14.2.1/../../../../arm-none-eabi/lib/thumb/v7e-m+fp/hard/libc_nano.a(libc_a-reent.o)
                                                  /Applications/ArmGNUToolchain/14.2.rel1/arm-none-eabi/bin/../lib/gcc/arm-none-eabi/14.2.1/../../../../arm-none-eabi/lib/thumb/v7e-m+fp/hard/libc_nano.a(libc_a-fflush.o)
_fstat                                            build/syscalls.o
_fwalk_sglue                                      /Applications/ArmGNUToolchain/14.2.rel1/arm-none-eabi/bin/../lib/gcc/arm-none-eabi/14.2.1/../../../../arm-none-eabi/lib/thumb/v7e-m+fp/hard/libc_nano.a(libc_a-fwalk.o)
                                                  /Applications/ArmGNUToolchain/14.2.rel1/arm-none-eabi/bin/../lib/gcc/arm-none-eabi/14.2.1/../../../../arm-none-eabi/lib/thumb/v7e-m+fp/hard/libc_nano.a(libc_a-fflush.o)
                                                  /Applications/ArmGNUToolchain/14.2.rel1/arm-none-eabi/bin/../lib/gcc/arm-none-eabi/14.2.1/../../../../arm-none-eabi/lib/thumb/v7e-m+fp/hard/libc_nano.a(libc_a-findfp.o)
_getpid                                           build/syscalls.o
_impure_data                                      /Applications/ArmGNUToolchain/14.2.rel1/arm-none-eabi/bin/../lib/gcc/arm-none-eabi/14.2.1/../../../../arm-none-eabi/lib/thumb/v7e-m+fp/hard/libc_nano.a(libc_a-impure.o)
                                                  /Applications/ArmGNUToolchain/14.2.rel1/arm-none-eabi/bin/../lib/gcc/arm-none-eabi/14.2.1/../../../../arm-none-eabi/lib/thumb/v7e-m+fp/hard/libc_nano.a(libc_a-fflush.o)
                                                  /Applications/ArmGNUToolchain/14.2.rel1/arm-none-eabi/bin/../lib/gcc/arm-none-eabi/14.2.1/../../../../arm-none-eabi/lib/thumb/v7e-m+fp/hard/libc_nano.a(libc_a-findfp.o)
_impure_ptr                                       /Applications/ArmGNUToolchain/14.2.rel1/arm-none-eabi/bin/../lib/gcc/arm-none-eabi/14.2.1/../../../../arm-none-eabi/lib/thumb/v7e-m+fp/hard/libc_nano.a(libc_a-impure.o)
                                                  /Applications/ArmGNUToolchain/14.2.rel1/arm-none-eabi/bin/../lib/gcc/arm-none-eabi/14.2.1/../../../../arm-none-eabi/lib/thumb/v7e-m+fp/hard/libc_nano.a(libc_a-reent.o)
                                                  /Applications/ArmGNUToolchain/14.2.rel1/arm-none-eabi/bin/../lib/gcc/arm-none-eabi/14.2.1/../../../../arm-none-eabi/lib/thumb/v7e-m+fp/hard/libc_nano.a(libc_a-fflush.o)
                                                  /Applications/ArmGNUToolchain/14.2.rel1/arm-none-eabi/bin/../lib/gcc/arm-none-eabi/14.2.1/../../../../arm-none-eabi/lib/thumb/v7e-m+fp/hard/libc_nano.a(libc_a-errno.o)
_init                                             /Applications/ArmGNUToolchain/14.2.rel1/arm-none-eabi/bin/../lib/gcc/arm-none-eabi/14.2.1/thumb/v7e-m+fp/hard/crti.o
                                                  /Applications/ArmGNUToolchain/14.2.rel1/arm-none-eabi/bin/../lib/gcc/arm-none-eabi/14.2.1/../../../../arm-none-eabi/lib/thumb/v7e-m+fp/hard/libc_nano.a(libc_a-init.o)
_isatty                                           build/syscalls.o
_kill                                             build/syscalls.o
_link                                             build/syscalls.o
_lseek                                            build/syscalls.o
                                                  /Applications/ArmGNUToolchain/14.2.rel1/arm-none-eabi/bin/../lib/gcc/arm-none-eabi/14.2.1/../../../../arm-none-eabi/lib/thumb/v7e-m+fp/hard/libc_nano.a(libc_a-lseekr.o)
_lseek_r                                          /Applications/ArmGNUToolchain/14.2.rel1/arm-none-eabi/bin/../lib/gcc/arm-none-eabi/14.2.1/../../../../arm-none-eabi/lib/thumb/v7e-m+fp/hard/libc_nano.a(libc_a-lseekr.o)
                                                  /Applications/ArmGNUToolchain/14.2.rel1/arm-none-eabi/bin/../lib/gcc/arm-none-eabi/14.2.1/../../../../arm-none-eabi/lib/thumb/v7e-m+fp/hard/libc_nano.a(libc_a-stdio.o)
_mainCRTStartup                                   /Applications/ArmGNUToolchain/14.2.rel1/arm-none-eabi/bin/../lib/gcc/arm-none-eabi/14.2.1/../../../../arm-none-eabi/lib/thumb/v7e-m+fp/hard/crt0.o
_malloc_r                                         /Applications/ArmGNUToolchain/14.2.rel1/arm-none-eabi/bin/../lib/gcc/arm-none-eabi/14.2.1/../../../../arm-none-eabi/lib/thumb/v7e-m+fp/hard/libc_nano.a(libc_a-mallocr.o)
                                                  /Applications/ArmGNUToolchain/14.2.rel1/arm-none-eabi/bin/../lib/gcc/arm-none-eabi/14.2.1/../../../../arm-none-eabi/lib/thumb/v7e-m+fp/hard/libc_nano.a(libc_a-findfp.o)
_open                                             build/syscalls.o
_read                                             build/syscalls.o
                                                  /Applications/ArmGNUToolchain/14.2.rel1/arm-none-eabi/bin/../lib/gcc/arm-none-eabi/14.2.1/../../../../arm-none-eabi/lib/thumb/v7e-m+fp/hard/libc_nano.a(libc_a-readr.o)
_read_r                                           /Applications/ArmGNUToolchain/14.2.rel1/arm-none-eabi/bin/../lib/gcc/arm-none-eabi/14.2.1/../../../../arm-none-eabi/lib/thumb/v7e-m+fp/hard/libc_nano.a(libc_a-readr.o)
                                                  /Applications/ArmGNUToolchain/14.2.rel1/arm-none-eabi/bin/../lib/gcc/arm-none-eabi/14.2.1/../../../../arm-none-eabi/lib/thumb/v7e-m+fp/hard/libc_nano.a(libc_a-stdio.o)
_reclaim_reent                                    /Applications/ArmGNUToolchain/14.2.rel1/arm-none-eabi/bin/../lib/gcc/arm-none-eabi/14.2.1/../../../../arm-none-eabi/lib/thumb/v7e-m+fp/hard/libc_nano.a(libc_a-reent.o)
_sbrk                                             build/sysmem.o
                                                  /Applications/ArmGNUToolchain/14.2.rel1/arm-none-eabi/bin/../lib/gcc/arm-none-eabi/14.2.1/../../../../arm-none-eabi/lib/thumb/v7e-m+fp/hard/libc_nano.a(libc_a-sbrkr.o)
_sbrk_r                                           /Applications/ArmGNUToolchain/14.2.rel1/arm-none-eabi/bin/../lib/gcc/arm-none-eabi/14.2.1/../../../../arm-none-eabi/lib/thumb/v7e-m+fp/hard/libc_nano.a(libc_a-sbrkr.o)
                                                  /Applications/ArmGNUToolchain/14.2.rel1/arm-none-eabi/bin/../lib/gcc/arm-none-eabi/14.2.1/../../../../arm-none-eabi/lib/thumb/v7e-m+fp/hard/libc_nano.a(libc_a-mallocr.o)
_sbss                                             build/startup_stm32g474xx.o
_sdata                                            build/startup_stm32g474xx.o
_sidata                                           build/startup_stm32g474xx.o
_stack_init                                       /Applications/ArmGNUToolchain/14.2.rel1/arm-none-eabi/bin/../lib/gcc/arm-none-eabi/14.2.1/../../../../arm-none-eabi/lib/thumb/v7e-m+fp/hard/crt0.o
_start                                            /Applications/ArmGNUToolchain/14.2.rel1/arm-none-eabi/bin/../lib/gcc/arm-none-eabi/14.2.1/../../../../arm-none-eabi/lib/thumb/v7e-m+fp/hard/crt0.o
_stat                                             build/syscalls.o
_times                                            build/syscalls.o
_unlink                                           build/syscalls.o
_wait                                             build/syscalls.o
_write                                            build/syscalls.o
                                                  /Applications/ArmGNUToolchain/14.2.rel1/arm-none-eabi/bin/../lib/gcc/arm-none-eabi/14.2.1/../../../../arm-none-eabi/lib/thumb/v7e-m+fp/hard/libc_nano.a(libc_a-writer.o)
_write_r                                          /Applications/ArmGNUToolchain/14.2.rel1/arm-none-eabi/bin/../lib/gcc/arm-none-eabi/14.2.1/../../../../arm-none-eabi/lib/thumb/v7e-m+fp/hard/libc_nano.a(libc_a-writer.o)
                                                  /Applications/ArmGNUToolchain/14.2.rel1/arm-none-eabi/bin/../lib/gcc/arm-none-eabi/14.2.1/../../../../arm-none-eabi/lib/thumb/v7e-m+fp/hard/libc_nano.a(libc_a-stdio.o)
atexit                                            /Applications/ArmGNUToolchain/14.2.rel1/arm-none-eabi/bin/../lib/gcc/arm-none-eabi/14.2.1/../../../../arm-none-eabi/lib/thumb/v7e-m+fp/hard/crt0.o
environ                                           build/syscalls.o
errno                                             /Applications/ArmGNUToolchain/14.2.rel1/arm-none-eabi/bin/../lib/gcc/arm-none-eabi/14.2.1/../../../../arm-none-eabi/lib/thumb/v7e-m+fp/hard/libc_nano.a(libc_a-reent.o)
                                                  /Applications/ArmGNUToolchain/14.2.rel1/arm-none-eabi/bin/../lib/gcc/arm-none-eabi/14.2.1/../../../../arm-none-eabi/lib/thumb/v7e-m+fp/hard/libc_nano.a(libc_a-closer.o)
                                                  /Applications/ArmGNUToolchain/14.2.rel1/arm-none-eabi/bin/../lib/gcc/arm-none-eabi/14.2.1/../../../../arm-none-eabi/lib/thumb/v7e-m+fp/hard/libc_nano.a(libc_a-writer.o)
                                                  /Applications/ArmGNUToolchain/14.2.rel1/arm-none-eabi/bin/../lib/gcc/arm-none-eabi/14.2.1/../../../../arm-none-eabi/lib/thumb/v7e-m+fp/hard/libc_nano.a(libc_a-sbrkr.o)
                                                  /Applications/ArmGNUToolchain/14.2.rel1/arm-none-eabi/bin/../lib/gcc/arm-none-eabi/14.2.1/../../../../arm-none-eabi/lib/thumb/v7e-m+fp/hard/libc_nano.a(libc_a-readr.o)
                                                  /Applications/ArmGNUToolchain/14.2.rel1/arm-none-eabi/bin/../lib/gcc/arm-none-eabi/14.2.1/../../../../arm-none-eabi/lib/thumb/v7e-m+fp/hard/libc_nano.a(libc_a-lseekr.o)
exit                                              /Applications/ArmGNUToolchain/14.2.rel1/arm-none-eabi/bin/../lib/gcc/arm-none-eabi/14.2.1/../../../../arm-none-eabi/lib/thumb/v7e-m+fp/hard/libc_nano.a(libc_a-exit.o)
                                                  /Applications/ArmGNUToolchain/14.2.rel1/arm-none-eabi/bin/../lib/gcc/arm-none-eabi/14.2.1/../../../../arm-none-eabi/lib/thumb/v7e-m+fp/hard/crt0.o
fflush                                            /Applications/ArmGNUToolchain/14.2.rel1/arm-none-eabi/bin/../lib/gcc/arm-none-eabi/14.2.1/../../../../arm-none-eabi/lib/thumb/v7e-m+fp/hard/libc_nano.a(libc_a-fflush.o)
g_pfnVectors                                      build/startup_stm32g474xx.o
hardware_init_hook                                /Applications/ArmGNUToolchain/14.2.rel1/arm-none-eabi/bin/../lib/gcc/arm-none-eabi/14.2.1/../../../../arm-none-eabi/lib/thumb/v7e-m+fp/hard/crt0.o
initialise_monitor_handles                        build/syscalls.o
main                                              build/main.o
                                                  build/startup_stm32g474xx.o
                                                  /Applications/ArmGNUToolchain/14.2.rel1/arm-none-eabi/bin/../lib/gcc/arm-none-eabi/14.2.1/../../../../arm-none-eabi/lib/thumb/v7e-m+fp/hard/crt0.o
memset                                            /Applications/ArmGNUToolchain/14.2.rel1/arm-none-eabi/bin/../lib/gcc/arm-none-eabi/14.2.1/../../../../arm-none-eabi/lib/thumb/v7e-m+fp/hard/libc_nano.a(libc_a-memset.o)
                                                  /Applications/ArmGNUToolchain/14.2.rel1/arm-none-eabi/bin/../lib/gcc/arm-none-eabi/14.2.1/../../../../arm-none-eabi/lib/thumb/v7e-m+fp/hard/libc_nano.a(libc_a-findfp.o)
                                                  build/main.o
                                                  /Applications/ArmGNUToolchain/14.2.rel1/arm-none-eabi/bin/../lib/gcc/arm-none-eabi/14.2.1/../../../../arm-none-eabi/lib/thumb/v7e-m+fp/hard/crt0.o
pFlash                                            build/stm32g4xx_hal_flash.o
                                                  build/stm32g4xx_hal_flash_ramfunc.o
                                                  build/stm32g4xx_hal_flash_ex.o
software_init_hook                                /Applications/ArmGNUToolchain/14.2.rel1/arm-none-eabi/bin/../lib/gcc/arm-none-eabi/14.2.1/../../../../arm-none-eabi/lib/thumb/v7e-m+fp/hard/crt0.o
uwTick                                            build/stm32g4xx_hal.o
uwTickFreq                                        build/stm32g4xx_hal.o
uwTickPrio                                        build/stm32g4xx_hal.o
                                                  build/stm32g4xx_hal_rcc.o
